Archive member included to satisfy reference by file (symbol)

/usr/lib/gap_riscv_toolchain/bin/../lib/gcc/riscv32-unknown-elf/7.1.1/rv32imcxgap8/ilp32/libgcc.a(_bswapsi2.o)
                              /home/bitcraze/projects/LAB_IAA/code/gap8/BUILD/GAP8_V2/GCC_RISCV_FREERTOS//home/bitcraze/projects/gap_sdk/rtos/pmsis/bsp/fs/lfs/lfs.o (__bswapsi2)
/usr/lib/gap_riscv_toolchain/bin/../lib/gcc/riscv32-unknown-elf/7.1.1/rv32imcxgap8/ilp32/libgcc.a(_udivdi3.o)
                              /home/bitcraze/projects/LAB_IAA/code/gap8/BUILD/GAP8_V2/GCC_RISCV_FREERTOS//home/bitcraze/projects/gap_sdk/rtos/freeRTOS/vendors/gwt/pmsis/backend/pmsis_backend_native_task_api.o (__udivdi3)
/usr/lib/gap_riscv_toolchain/bin/../lib/gcc/riscv32-unknown-elf/7.1.1/rv32imcxgap8/ilp32/libgcc.a(adddf3.o)
                              /home/bitcraze/projects/LAB_IAA/code/gap8/BUILD/GAP8_V2/GCC_RISCV_FREERTOS//home/bitcraze/projects/gap_sdk/rtos/freeRTOS/vendors/gwt/libs/printf/printf.o (__adddf3)
/usr/lib/gap_riscv_toolchain/bin/../lib/gcc/riscv32-unknown-elf/7.1.1/rv32imcxgap8/ilp32/libgcc.a(divdf3.o)
                              /home/bitcraze/projects/LAB_IAA/code/gap8/BUILD/GAP8_V2/GCC_RISCV_FREERTOS//home/bitcraze/projects/gap_sdk/rtos/freeRTOS/vendors/gwt/libs/printf/printf.o (__divdf3)
/usr/lib/gap_riscv_toolchain/bin/../lib/gcc/riscv32-unknown-elf/7.1.1/rv32imcxgap8/ilp32/libgcc.a(eqdf2.o)
                              /home/bitcraze/projects/LAB_IAA/code/gap8/BUILD/GAP8_V2/GCC_RISCV_FREERTOS//home/bitcraze/projects/gap_sdk/rtos/freeRTOS/vendors/gwt/libs/printf/printf.o (__nedf2)
/usr/lib/gap_riscv_toolchain/bin/../lib/gcc/riscv32-unknown-elf/7.1.1/rv32imcxgap8/ilp32/libgcc.a(gedf2.o)
                              /home/bitcraze/projects/LAB_IAA/code/gap8/BUILD/GAP8_V2/GCC_RISCV_FREERTOS//home/bitcraze/projects/gap_sdk/rtos/freeRTOS/vendors/gwt/libs/printf/printf.o (__gedf2)
/usr/lib/gap_riscv_toolchain/bin/../lib/gcc/riscv32-unknown-elf/7.1.1/rv32imcxgap8/ilp32/libgcc.a(ledf2.o)
                              /home/bitcraze/projects/LAB_IAA/code/gap8/BUILD/GAP8_V2/GCC_RISCV_FREERTOS//home/bitcraze/projects/gap_sdk/rtos/freeRTOS/vendors/gwt/libs/printf/printf.o (__ltdf2)
/usr/lib/gap_riscv_toolchain/bin/../lib/gcc/riscv32-unknown-elf/7.1.1/rv32imcxgap8/ilp32/libgcc.a(muldf3.o)
                              /home/bitcraze/projects/LAB_IAA/code/gap8/BUILD/GAP8_V2/GCC_RISCV_FREERTOS//home/bitcraze/projects/gap_sdk/rtos/freeRTOS/vendors/gwt/libs/printf/printf.o (__muldf3)
/usr/lib/gap_riscv_toolchain/bin/../lib/gcc/riscv32-unknown-elf/7.1.1/rv32imcxgap8/ilp32/libgcc.a(subdf3.o)
                              /home/bitcraze/projects/LAB_IAA/code/gap8/BUILD/GAP8_V2/GCC_RISCV_FREERTOS//home/bitcraze/projects/gap_sdk/rtos/freeRTOS/vendors/gwt/libs/printf/printf.o (__subdf3)
/usr/lib/gap_riscv_toolchain/bin/../lib/gcc/riscv32-unknown-elf/7.1.1/rv32imcxgap8/ilp32/libgcc.a(fixdfsi.o)
                              /home/bitcraze/projects/LAB_IAA/code/gap8/BUILD/GAP8_V2/GCC_RISCV_FREERTOS//home/bitcraze/projects/gap_sdk/rtos/freeRTOS/vendors/gwt/libs/printf/printf.o (__fixdfsi)
/usr/lib/gap_riscv_toolchain/bin/../lib/gcc/riscv32-unknown-elf/7.1.1/rv32imcxgap8/ilp32/libgcc.a(fixunsdfsi.o)
                              /home/bitcraze/projects/LAB_IAA/code/gap8/BUILD/GAP8_V2/GCC_RISCV_FREERTOS//home/bitcraze/projects/gap_sdk/rtos/freeRTOS/vendors/gwt/libs/printf/printf.o (__fixunsdfsi)
/usr/lib/gap_riscv_toolchain/bin/../lib/gcc/riscv32-unknown-elf/7.1.1/rv32imcxgap8/ilp32/libgcc.a(floatsidf.o)
                              /home/bitcraze/projects/LAB_IAA/code/gap8/BUILD/GAP8_V2/GCC_RISCV_FREERTOS//home/bitcraze/projects/gap_sdk/rtos/freeRTOS/vendors/gwt/libs/printf/printf.o (__floatsidf)
/usr/lib/gap_riscv_toolchain/bin/../lib/gcc/riscv32-unknown-elf/7.1.1/rv32imcxgap8/ilp32/libgcc.a(floatunsidf.o)
                              /home/bitcraze/projects/LAB_IAA/code/gap8/BUILD/GAP8_V2/GCC_RISCV_FREERTOS//home/bitcraze/projects/gap_sdk/rtos/freeRTOS/vendors/gwt/libs/printf/printf.o (__floatunsidf)
/usr/lib/gap_riscv_toolchain/bin/../lib/gcc/riscv32-unknown-elf/7.1.1/rv32imcxgap8/ilp32/libgcc.a(divsf3.o)
                              /home/bitcraze/projects/LAB_IAA/code/gap8/BUILD/GAP8_V2/GCC_RISCV_FREERTOS//home/bitcraze/projects/gap_sdk/rtos/freeRTOS/vendors/gwt/gap8/pmsis/drivers/timer/timer.o (__divsf3)
/usr/lib/gap_riscv_toolchain/bin/../lib/gcc/riscv32-unknown-elf/7.1.1/rv32imcxgap8/ilp32/libgcc.a(mulsf3.o)
                              /home/bitcraze/projects/LAB_IAA/code/gap8/BUILD/GAP8_V2/GCC_RISCV_FREERTOS//home/bitcraze/projects/gap_sdk/rtos/freeRTOS/vendors/gwt/gap8/pmsis/drivers/timer/timer.o (__mulsf3)
/usr/lib/gap_riscv_toolchain/bin/../lib/gcc/riscv32-unknown-elf/7.1.1/rv32imcxgap8/ilp32/libgcc.a(fixunssfsi.o)
                              /home/bitcraze/projects/LAB_IAA/code/gap8/BUILD/GAP8_V2/GCC_RISCV_FREERTOS//home/bitcraze/projects/gap_sdk/rtos/freeRTOS/vendors/gwt/gap8/pmsis/drivers/timer/timer.o (__fixunssfsi)
[...]
Memory Configuration

Name             Origin             Length             Attributes
FC_tcdm          0x000000001b000000 0x0000000000004000
fc_tcdm_aliased  0x0000000000000004 0x0000000000003ffc
L2               0x000000001c000000 0x0000000000080000
L1_sram          0x0000000010000000 0x0000000000010000
*default*        0x0000000000000000 0xffffffffffffffff

Linker script and memory map

LOAD /home/bitcraze/projects/LAB_IAA/code/gap8/BUILD/GAP8_V2/GCC_RISCV_FREERTOS/iaa_lab3.o
LOAD /home/bitcraze/projects/LAB_IAA/code/gap8/BUILD/GAP8_V2/GCC_RISCV_FREERTOS/lib/cpx/src/cpx.o
LOAD /home/bitcraze/projects/LAB_IAA/code/gap8/BUILD/GAP8_V2/GCC_RISCV_FREERTOS/lib/cpx/src/com.o
LOAD /home/bitcraze/projects/LAB_IAA/code/gap8/BUILD/GAP8_V2/GCC_RISCV_FREERTOS//home/bitcraze/projects/gap_sdk/rtos/freeRTOS/vendors/gwt/gap8/src/device/gap8_iet.o
LOAD /home/bitcraze/projects/LAB_IAA/code/gap8/BUILD/GAP8_V2/GCC_RISCV_FREERTOS//home/bitcraze/projects/gap_sdk/rtos/freeRTOS/vendors/gwt/gap8/src/device/startup_gap8.o
LOAD /home/bitcraze/projects/LAB_IAA/code/gap8/BUILD/GAP8_V2/GCC_RISCV_FREERTOS//home/bitcraze/projects/gap_sdk/rtos/freeRTOS/vendors/gwt/gap8/pmsis/cluster/drivers/cluster_synchronisation/cluster_core.o
LOAD /home/bitcraze/projects/LAB_IAA/code/gap8/BUILD/GAP8_V2/GCC_RISCV_FREERTOS//home/bitcraze/projects/gap_sdk/rtos/freeRTOS/vendors/gwt/gap8/pmsis/util/asm_util.o
LOAD /home/bitcraze/projects/LAB_IAA/code/gap8/BUILD/GAP8_V2/GCC_RISCV_FREERTOS//home/bitcraze/projects/gap_sdk/rtos/freeRTOS/freertos_kernel/portable/GCC/RI5CY-GAP8/port_asm.o
LOAD /home/bitcraze/projects/LAB_IAA/code/gap8/BUILD/GAP8_V2/GCC_RISCV_FREERTOS//home/bitcraze/projects/gap_sdk/rtos/freeRTOS/vendors/gwt/gap8/src/device/gap8_it.o
LOAD /home/bitcraze/projects/LAB_IAA/code/gap8/BUILD/GAP8_V2/GCC_RISCV_FREERTOS//home/bitcraze/projects/gap_sdk/rtos/freeRTOS/vendors/gwt/gap8/src/device/system_gap8.o
LOAD /home/bitcraze/projects/LAB_IAA/code/gap8/BUILD/GAP8_V2/GCC_RISCV_FREERTOS//home/bitcraze/projects/gap_sdk/rtos/freeRTOS/vendors/gwt/gap8/src/driver/gap_io.o
LOAD /home/bitcraze/projects/LAB_IAA/code/gap8/BUILD/GAP8_V2/GCC_RISCV_FREERTOS//home/bitcraze/projects/gap_sdk/rtos/freeRTOS/vendors/gwt/libs/src/stdlib.o
LOAD /home/bitcraze/projects/LAB_IAA/code/gap8/BUILD/GAP8_V2/GCC_RISCV_FREERTOS//home/bitcraze/projects/gap_sdk/rtos/freeRTOS/vendors/gwt/libs/src/string.o
LOAD /home/bitcraze/projects/LAB_IAA/code/gap8/BUILD/GAP8_V2/GCC_RISCV_FREERTOS//home/bitcraze/projects/gap_sdk/rtos/freeRTOS/vendors/gwt/libs/src/errno.o
LOAD /home/bitcraze/projects/LAB_IAA/code/gap8/BUILD/GAP8_V2/GCC_RISCV_FREERTOS//home/bitcraze/projects/gap_sdk/rtos/freeRTOS/vendors/gwt/gap8/pmsis/cluster/malloc/cl_malloc.o
LOAD /home/bitcraze/projects/LAB_IAA/code/gap8/BUILD/GAP8_V2/GCC_RISCV_FREERTOS//home/bitcraze/projects/gap_sdk/rtos/freeRTOS/vendors/gwt/gap8/pmsis/cluster/drivers/cluster_synchronisation/cl_to_fc_delegate.o
LOAD /home/bitcraze/projects/LAB_IAA/code/gap8/BUILD/GAP8_V2/GCC_RISCV_FREERTOS//home/bitcraze/projects/gap_sdk/rtos/freeRTOS/vendors/gwt/gap8/pmsis/cluster/drivers/cluster_synchronisation/fc_to_cl_delegate.o
LOAD /home/bitcraze/projects/LAB_IAA/code/gap8/BUILD/GAP8_V2/GCC_RISCV_FREERTOS//home/bitcraze/projects/gap_sdk/rtos/freeRTOS/vendors/gwt/gap8/pmsis/cluster/drivers/cluster_team/cl_team.o
LOAD /home/bitcraze/projects/LAB_IAA/code/gap8/BUILD/GAP8_V2/GCC_RISCV_FREERTOS//home/bitcraze/projects/gap_sdk/rtos/freeRTOS/vendors/gwt/gap8/pmsis/cluster/drivers/delegate/hyperbus/hyperbus_cl_internal.o
LOAD /home/bitcraze/projects/LAB_IAA/code/gap8/BUILD/GAP8_V2/GCC_RISCV_FREERTOS//home/bitcraze/projects/gap_sdk/rtos/freeRTOS/vendors/gwt/gap8/pmsis/cluster/drivers/delegate/uart/uart_cl_internal.o
LOAD /home/bitcraze/projects/LAB_IAA/code/gap8/BUILD/GAP8_V2/GCC_RISCV_FREERTOS//home/bitcraze/projects/gap_sdk/rtos/freeRTOS/vendors/gwt/gap8/pmsis/cluster/drivers/dma/cl_dma_irq.o
LOAD /home/bitcraze/projects/LAB_IAA/code/gap8/BUILD/GAP8_V2/GCC_RISCV_FREERTOS//home/bitcraze/projects/gap_sdk/rtos/freeRTOS/vendors/gwt/gap8/pmsis/drivers/fc_event/fc_event.o
LOAD /home/bitcraze/projects/LAB_IAA/code/gap8/BUILD/GAP8_V2/GCC_RISCV_FREERTOS//home/bitcraze/projects/gap_sdk/rtos/freeRTOS/vendors/gwt/gap8/pmsis/drivers/fll/fll.o
LOAD /home/bitcraze/projects/LAB_IAA/code/gap8/BUILD/GAP8_V2/GCC_RISCV_FREERTOS//home/bitcraze/projects/gap_sdk/rtos/freeRTOS/vendors/gwt/gap8/pmsis/drivers/gpio/gpio.o
LOAD /home/bitcraze/projects/LAB_IAA/code/gap8/BUILD/GAP8_V2/GCC_RISCV_FREERTOS//home/bitcraze/projects/gap_sdk/rtos/freeRTOS/vendors/gwt/gap8/pmsis/drivers/pad/pad.o
LOAD /home/bitcraze/projects/LAB_IAA/code/gap8/BUILD/GAP8_V2/GCC_RISCV_FREERTOS//home/bitcraze/projects/gap_sdk/rtos/freeRTOS/vendors/gwt/gap8/pmsis/drivers/pmu/pmu.o
LOAD /home/bitcraze/projects/LAB_IAA/code/gap8/BUILD/GAP8_V2/GCC_RISCV_FREERTOS//home/bitcraze/projects/gap_sdk/rtos/freeRTOS/vendors/gwt/gap8/pmsis/drivers/pmu/pmu_internal.o
LOAD /home/bitcraze/projects/LAB_IAA/code/gap8/BUILD/GAP8_V2/GCC_RISCV_FREERTOS//home/bitcraze/projects/gap_sdk/rtos/freeRTOS/vendors/gwt/gap8/pmsis/drivers/pwm/pwm.o
LOAD /home/bitcraze/projects/LAB_IAA/code/gap8/BUILD/GAP8_V2/GCC_RISCV_FREERTOS//home/bitcraze/projects/gap_sdk/rtos/freeRTOS/vendors/gwt/gap8/pmsis/drivers/pwm/pwm_internal.o
LOAD /home/bitcraze/projects/LAB_IAA/code/gap8/BUILD/GAP8_V2/GCC_RISCV_FREERTOS//home/bitcraze/projects/gap_sdk/rtos/freeRTOS/vendors/gwt/gap8/pmsis/drivers/rtc/rtc.o
LOAD /home/bitcraze/projects/LAB_IAA/code/gap8/BUILD/GAP8_V2/GCC_RISCV_FREERTOS//home/bitcraze/projects/gap_sdk/rtos/freeRTOS/vendors/gwt/gap8/pmsis/drivers/rtc/rtc_internal.o
LOAD /home/bitcraze/projects/LAB_IAA/code/gap8/BUILD/GAP8_V2/GCC_RISCV_FREERTOS//home/bitcraze/projects/gap_sdk/rtos/freeRTOS/vendors/gwt/gap8/pmsis/drivers/timer/timer.o
LOAD /home/bitcraze/projects/LAB_IAA/code/gap8/BUILD/GAP8_V2/GCC_RISCV_FREERTOS//home/bitcraze/projects/gap_sdk/rtos/freeRTOS/vendors/gwt/gap8/pmsis/drivers/udma/hyperbus/hyperbus.o
LOAD /home/bitcraze/projects/LAB_IAA/code/gap8/BUILD/GAP8_V2/GCC_RISCV_FREERTOS//home/bitcraze/projects/gap_sdk/rtos/freeRTOS/vendors/gwt/gap8/pmsis/drivers/udma/hyperbus/hyperbus_internal.o
LOAD /home/bitcraze/projects/LAB_IAA/code/gap8/BUILD/GAP8_V2/GCC_RISCV_FREERTOS//home/bitcraze/projects/gap_sdk/rtos/freeRTOS/vendors/gwt/gap8/pmsis/drivers/udma/cpi/cpi.o
LOAD /home/bitcraze/projects/LAB_IAA/code/gap8/BUILD/GAP8_V2/GCC_RISCV_FREERTOS//home/bitcraze/projects/gap_sdk/rtos/freeRTOS/vendors/gwt/gap8/pmsis/drivers/udma/cpi/cpi_internal.o
LOAD /home/bitcraze/projects/LAB_IAA/code/gap8/BUILD/GAP8_V2/GCC_RISCV_FREERTOS//home/bitcraze/projects/gap_sdk/rtos/freeRTOS/vendors/gwt/gap8/pmsis/drivers/udma/dmacpy/dmacpy.o
LOAD /home/bitcraze/projects/LAB_IAA/code/gap8/BUILD/GAP8_V2/GCC_RISCV_FREERTOS//home/bitcraze/projects/gap_sdk/rtos/freeRTOS/vendors/gwt/gap8/pmsis/drivers/udma/dmacpy/dmacpy_internal.o
LOAD /home/bitcraze/projects/LAB_IAA/code/gap8/BUILD/GAP8_V2/GCC_RISCV_FREERTOS//home/bitcraze/projects/gap_sdk/rtos/freeRTOS/vendors/gwt/gap8/pmsis/drivers/udma/i2c/i2c.o
LOAD /home/bitcraze/projects/LAB_IAA/code/gap8/BUILD/GAP8_V2/GCC_RISCV_FREERTOS//home/bitcraze/projects/gap_sdk/rtos/freeRTOS/vendors/gwt/gap8/pmsis/drivers/udma/i2c/i2c_internal.o
LOAD /home/bitcraze/projects/LAB_IAA/code/gap8/BUILD/GAP8_V2/GCC_RISCV_FREERTOS//home/bitcraze/projects/gap_sdk/rtos/freeRTOS/vendors/gwt/gap8/pmsis/drivers/udma/i2s/i2s.o
LOAD /home/bitcraze/projects/LAB_IAA/code/gap8/BUILD/GAP8_V2/GCC_RISCV_FREERTOS//home/bitcraze/projects/gap_sdk/rtos/freeRTOS/vendors/gwt/gap8/pmsis/drivers/udma/i2s/i2s_internal.o
LOAD /home/bitcraze/projects/LAB_IAA/code/gap8/BUILD/GAP8_V2/GCC_RISCV_FREERTOS//home/bitcraze/projects/gap_sdk/rtos/freeRTOS/vendors/gwt/gap8/pmsis/drivers/udma/spi/spi.o
LOAD /home/bitcraze/projects/LAB_IAA/code/gap8/BUILD/GAP8_V2/GCC_RISCV_FREERTOS//home/bitcraze/projects/gap_sdk/rtos/freeRTOS/vendors/gwt/gap8/pmsis/drivers/udma/spi/spi_internal.o
LOAD /home/bitcraze/projects/LAB_IAA/code/gap8/BUILD/GAP8_V2/GCC_RISCV_FREERTOS//home/bitcraze/projects/gap_sdk/rtos/freeRTOS/vendors/gwt/gap8/pmsis/drivers/udma/uart/uart.o
LOAD /home/bitcraze/projects/LAB_IAA/code/gap8/BUILD/GAP8_V2/GCC_RISCV_FREERTOS//home/bitcraze/projects/gap_sdk/rtos/freeRTOS/vendors/gwt/gap8/pmsis/drivers/udma/uart/uart_internal.o
LOAD /home/bitcraze/projects/LAB_IAA/code/gap8/BUILD/GAP8_V2/GCC_RISCV_FREERTOS//home/bitcraze/projects/gap_sdk/rtos/pmsis/bsp/flash/flash.o
LOAD /home/bitcraze/projects/LAB_IAA/code/gap8/BUILD/GAP8_V2/GCC_RISCV_FREERTOS//home/bitcraze/projects/gap_sdk/rtos/pmsis/bsp/partition/partition.o
LOAD /home/bitcraze/projects/LAB_IAA/code/gap8/BUILD/GAP8_V2/GCC_RISCV_FREERTOS//home/bitcraze/projects/gap_sdk/rtos/pmsis/bsp/partition/flash_partition.o
LOAD /home/bitcraze/projects/LAB_IAA/code/gap8/BUILD/GAP8_V2/GCC_RISCV_FREERTOS//home/bitcraze/projects/gap_sdk/rtos/pmsis/bsp/crc/md5.o
LOAD /home/bitcraze/projects/LAB_IAA/code/gap8/BUILD/GAP8_V2/GCC_RISCV_FREERTOS//home/bitcraze/projects/gap_sdk/rtos/pmsis/bsp/fs/fs.o
LOAD /home/bitcraze/projects/LAB_IAA/code/gap8/BUILD/GAP8_V2/GCC_RISCV_FREERTOS//home/bitcraze/projects/gap_sdk/rtos/pmsis/bsp/fs/lfs/lfs.o
LOAD /home/bitcraze/projects/LAB_IAA/code/gap8/BUILD/GAP8_V2/GCC_RISCV_FREERTOS//home/bitcraze/projects/gap_sdk/rtos/pmsis/bsp/fs/lfs/lfs_util.o
LOAD /home/bitcraze/projects/LAB_IAA/code/gap8/BUILD/GAP8_V2/GCC_RISCV_FREERTOS//home/bitcraze/projects/gap_sdk/rtos/pmsis/bsp/fs/lfs/pi_lfs.o
LOAD /home/bitcraze/projects/LAB_IAA/code/gap8/BUILD/GAP8_V2/GCC_RISCV_FREERTOS//home/bitcraze/projects/gap_sdk/rtos/pmsis/bsp/fs/read_fs/read_fs.o
LOAD /home/bitcraze/projects/LAB_IAA/code/gap8/BUILD/GAP8_V2/GCC_RISCV_FREERTOS//home/bitcraze/projects/gap_sdk/rtos/pmsis/bsp/fs/host_fs/host_fs.o
LOAD /home/bitcraze/projects/LAB_IAA/code/gap8/BUILD/GAP8_V2/GCC_RISCV_FREERTOS//home/bitcraze/projects/gap_sdk/rtos/pmsis/bsp/ota/ota.o
LOAD /home/bitcraze/projects/LAB_IAA/code/gap8/BUILD/GAP8_V2/GCC_RISCV_FREERTOS//home/bitcraze/projects/gap_sdk/rtos/pmsis/bsp/ota/ota_utility.o
LOAD /home/bitcraze/projects/LAB_IAA/code/gap8/BUILD/GAP8_V2/GCC_RISCV_FREERTOS//home/bitcraze/projects/gap_sdk/rtos/pmsis/bsp/ota/updater.o
LOAD /home/bitcraze/projects/LAB_IAA/code/gap8/BUILD/GAP8_V2/GCC_RISCV_FREERTOS//home/bitcraze/projects/gap_sdk/rtos/pmsis/bsp/bootloader/bootloader_utility.o
LOAD /home/bitcraze/projects/LAB_IAA/code/gap8/BUILD/GAP8_V2/GCC_RISCV_FREERTOS//home/bitcraze/projects/gap_sdk/rtos/pmsis/bsp/bsp/ai_deck.o
LOAD /home/bitcraze/projects/LAB_IAA/code/gap8/BUILD/GAP8_V2/GCC_RISCV_FREERTOS//home/bitcraze/projects/gap_sdk/rtos/pmsis/bsp/camera/camera.o
LOAD /home/bitcraze/projects/LAB_IAA/code/gap8/BUILD/GAP8_V2/GCC_RISCV_FREERTOS//home/bitcraze/projects/gap_sdk/rtos/pmsis/bsp/camera/himax/himax.o
LOAD /home/bitcraze/projects/LAB_IAA/code/gap8/BUILD/GAP8_V2/GCC_RISCV_FREERTOS//home/bitcraze/projects/gap_sdk/rtos/pmsis/bsp/flash/hyperflash/hyperflash.o
LOAD /home/bitcraze/projects/LAB_IAA/code/gap8/BUILD/GAP8_V2/GCC_RISCV_FREERTOS//home/bitcraze/projects/gap_sdk/rtos/pmsis/bsp/ram/hyperram/hyperram.o
LOAD /home/bitcraze/projects/LAB_IAA/code/gap8/BUILD/GAP8_V2/GCC_RISCV_FREERTOS//home/bitcraze/projects/gap_sdk/rtos/pmsis/bsp/ram/spiram/spiram.o
LOAD /home/bitcraze/projects/LAB_IAA/code/gap8/BUILD/GAP8_V2/GCC_RISCV_FREERTOS//home/bitcraze/projects/gap_sdk/rtos/pmsis/bsp/flash/spiflash/spiflash.o
LOAD /home/bitcraze/projects/LAB_IAA/code/gap8/BUILD/GAP8_V2/GCC_RISCV_FREERTOS//home/bitcraze/projects/gap_sdk/rtos/pmsis/bsp/ram/ram.o
LOAD /home/bitcraze/projects/LAB_IAA/code/gap8/BUILD/GAP8_V2/GCC_RISCV_FREERTOS//home/bitcraze/projects/gap_sdk/rtos/pmsis/bsp/ram/alloc_extern.o
LOAD /home/bitcraze/projects/LAB_IAA/code/gap8/BUILD/GAP8_V2/GCC_RISCV_FREERTOS//home/bitcraze/projects/gap_sdk/rtos/freeRTOS/vendors/gwt/pmsis/rtos/pi_log.o
LOAD /home/bitcraze/projects/LAB_IAA/code/gap8/BUILD/GAP8_V2/GCC_RISCV_FREERTOS//home/bitcraze/projects/gap_sdk/rtos/freeRTOS/vendors/gwt/pmsis/rtos/event_kernel/event_kernel.o
LOAD /home/bitcraze/projects/LAB_IAA/code/gap8/BUILD/GAP8_V2/GCC_RISCV_FREERTOS//home/bitcraze/projects/gap_sdk/rtos/freeRTOS/vendors/gwt/pmsis/rtos/mem_slab/mem_slab.o
LOAD /home/bitcraze/projects/LAB_IAA/code/gap8/BUILD/GAP8_V2/GCC_RISCV_FREERTOS//home/bitcraze/projects/gap_sdk/rtos/freeRTOS/vendors/gwt/pmsis/rtos/malloc/cl_l1_malloc.o
LOAD /home/bitcraze/projects/LAB_IAA/code/gap8/BUILD/GAP8_V2/GCC_RISCV_FREERTOS//home/bitcraze/projects/gap_sdk/rtos/freeRTOS/vendors/gwt/pmsis/rtos/malloc/fc_l1_malloc.o
LOAD /home/bitcraze/projects/LAB_IAA/code/gap8/BUILD/GAP8_V2/GCC_RISCV_FREERTOS//home/bitcraze/projects/gap_sdk/rtos/freeRTOS/vendors/gwt/pmsis/rtos/malloc/l2_malloc.o
LOAD /home/bitcraze/projects/LAB_IAA/code/gap8/BUILD/GAP8_V2/GCC_RISCV_FREERTOS//home/bitcraze/projects/gap_sdk/rtos/freeRTOS/vendors/gwt/pmsis/rtos/malloc/malloc_external.o
LOAD /home/bitcraze/projects/LAB_IAA/code/gap8/BUILD/GAP8_V2/GCC_RISCV_FREERTOS//home/bitcraze/projects/gap_sdk/rtos/freeRTOS/vendors/gwt/pmsis/rtos/malloc/malloc_internal.o
LOAD /home/bitcraze/projects/LAB_IAA/code/gap8/BUILD/GAP8_V2/GCC_RISCV_FREERTOS//home/bitcraze/projects/gap_sdk/rtos/freeRTOS/vendors/gwt/pmsis/rtos/malloc/pi_malloc.o
LOAD /home/bitcraze/projects/LAB_IAA/code/gap8/BUILD/GAP8_V2/GCC_RISCV_FREERTOS//home/bitcraze/projects/gap_sdk/rtos/freeRTOS/vendors/gwt/pmsis/rtos/os/device.o
LOAD /home/bitcraze/projects/LAB_IAA/code/gap8/BUILD/GAP8_V2/GCC_RISCV_FREERTOS//home/bitcraze/projects/gap_sdk/rtos/freeRTOS/vendors/gwt/pmsis/rtos/os/pmsis_task.o
LOAD /home/bitcraze/projects/LAB_IAA/code/gap8/BUILD/GAP8_V2/GCC_RISCV_FREERTOS//home/bitcraze/projects/gap_sdk/rtos/freeRTOS/vendors/gwt/pmsis/backend/pmsis_backend_native_task_api.o
LOAD /home/bitcraze/projects/LAB_IAA/code/gap8/BUILD/GAP8_V2/GCC_RISCV_FREERTOS//home/bitcraze/projects/gap_sdk/rtos/freeRTOS/freertos_kernel/portable/GCC/RI5CY-GAP8/port.o
LOAD /home/bitcraze/projects/LAB_IAA/code/gap8/BUILD/GAP8_V2/GCC_RISCV_FREERTOS//home/bitcraze/projects/gap_sdk/rtos/freeRTOS/vendors/gwt/libs/printf/printf.o
LOAD /home/bitcraze/projects/LAB_IAA/code/gap8/BUILD/GAP8_V2/GCC_RISCV_FREERTOS//home/bitcraze/projects/gap_sdk/rtos/freeRTOS/freertos_kernel/list.o
LOAD /home/bitcraze/projects/LAB_IAA/code/gap8/BUILD/GAP8_V2/GCC_RISCV_FREERTOS//home/bitcraze/projects/gap_sdk/rtos/freeRTOS/freertos_kernel/queue.o
LOAD /home/bitcraze/projects/LAB_IAA/code/gap8/BUILD/GAP8_V2/GCC_RISCV_FREERTOS//home/bitcraze/projects/gap_sdk/rtos/freeRTOS/freertos_kernel/tasks.o
LOAD /home/bitcraze/projects/LAB_IAA/code/gap8/BUILD/GAP8_V2/GCC_RISCV_FREERTOS//home/bitcraze/projects/gap_sdk/rtos/freeRTOS/freertos_kernel/timers.o
LOAD /home/bitcraze/projects/LAB_IAA/code/gap8/BUILD/GAP8_V2/GCC_RISCV_FREERTOS//home/bitcraze/projects/gap_sdk/rtos/freeRTOS/freertos_kernel/event_groups.o
LOAD /home/bitcraze/projects/LAB_IAA/code/gap8/BUILD/GAP8_V2/GCC_RISCV_FREERTOS//home/bitcraze/projects/gap_sdk/rtos/freeRTOS/freertos_kernel/stream_buffer.o
LOAD /home/bitcraze/projects/LAB_IAA/code/gap8/BUILD/GAP8_V2/GCC_RISCV_FREERTOS//home/bitcraze/projects/gap_sdk/rtos/freeRTOS/demos/gwt/config/gap8/FreeRTOS_util.o
LOAD /usr/lib/gap_riscv_toolchain/bin/../lib/gcc/riscv32-unknown-elf/7.1.1/rv32imcxgap8/ilp32/libgcc.a
                0x0000000000000000                __DYNAMIC = 0x0
                0x0000000000001000                __STACK_FC_SIZE = 0x1000
                0x0000000000000400                __STACK_IRQ_SIZE = 0x400

.l1FcTiny       0x000000001b000000        0x0
                0x000000001b000000                . = ALIGN (0x4)
                0x000000001b000000                __l1FcShared_start = .
 *(.l1FcTiny)
 *(.l1FcTiny.*)
                0x000000001b000000                . = ALIGN (0x4)
                0x000000001b000000                __l1FcShared_end = .
                0x0000000000000000                __l1FcShared_size = (__l1FcShared_end - __l1FcShared_start)

.fcTcdmTiny     0x0000000000000004        0xc load address 0x000000001b000000
 *(.fcTcdmTiny)
 .fcTcdmTiny    0x0000000000000004        0xc /home/bitcraze/projects/LAB_IAA/code/gap8/BUILD/GAP8_V2/GCC_RISCV_FREERTOS//home/bitcraze/projects/gap_sdk/rtos/freeRTOS/vendors/gwt/gap8/pmsis/drivers/udma/hyperbus/hyperbus_internal.o
                0x0000000000000004                __global_hyper_driver_fifo
                0x0000000000000008                __global_hyper_fifo_head
                0x000000000000000c                __global_hyper_fifo_tail
 *(.fcTcdmTiny.*)

.fcTcdm
 *(.fcTcdm)
 *(.fcTcdm.*)

.fcTcdm_g       0x000000001b00000c      0x5bc
                0x000000001b000010                . = ALIGN (0x8)
 *fill*         0x000000001b00000c        0x4 
                0x000000001b000010                __fc_tcdm_g_start = .
 *(.fcTcdm_g)
 .fcTcdm_g      0x000000001b000010      0x264 /home/bitcraze/projects/LAB_IAA/code/gap8/BUILD/GAP8_V2/GCC_RISCV_FREERTOS//home/bitcraze/projects/gap_sdk/rtos/freeRTOS/vendors/gwt/gap8/pmsis/cluster/drivers/cluster_synchronisation/cl_to_fc_delegate.o
                0x000000001b000010                delegate_task
                0x000000001b000270                delegate_task_mask
 .fcTcdm_g      0x000000001b000274       0xe4 /home/bitcraze/projects/LAB_IAA/code/gap8/BUILD/GAP8_V2/GCC_RISCV_FREERTOS//home/bitcraze/projects/gap_sdk/rtos/freeRTOS/vendors/gwt/gap8/pmsis/drivers/fc_event/fc_event.o
 .fcTcdm_g      0x000000001b000358        0x4 /home/bitcraze/projects/LAB_IAA/code/gap8/BUILD/GAP8_V2/GCC_RISCV_FREERTOS//home/bitcraze/projects/gap_sdk/rtos/freeRTOS/vendors/gwt/pmsis/rtos/event_kernel/event_kernel.o
                0x000000001b000358                default_sched
 .fcTcdm_g      0x000000001b00035c       0x10 /home/bitcraze/projects/LAB_IAA/code/gap8/BUILD/GAP8_V2/GCC_RISCV_FREERTOS//home/bitcraze/projects/gap_sdk/rtos/freeRTOS/vendors/gwt/pmsis/backend/pmsis_backend_native_task_api.o
                0x000000001b00035c                delayed_task
                0x000000001b000364                timer_task
 .fcTcdm_g      0x000000001b00036c      0x258 /home/bitcraze/projects/LAB_IAA/code/gap8/BUILD/GAP8_V2/GCC_RISCV_FREERTOS//home/bitcraze/projects/gap_sdk/rtos/freeRTOS/demos/gwt/config/gap8/FreeRTOS_util.o
 *(.fcTcdm_g.*)
                0x000000001b0005c8                . = ALIGN (0x8)
 *fill*         0x000000001b0005c4        0x4 
                0x000000001b0005c8                __fc_tcdm_g_end = .

.stack_irq      0x000000001b0005c8      0x400
                0x000000001b0005c8                . = ALIGN (0x4)
                0x000000001b0005c8                __stack_irq_end__ = .
                0x000000001b0009c8                . = (. + __STACK_IRQ_SIZE)
 *fill*         0x000000001b0005c8      0x400 
                0x000000001b0009c8                __stack_irq_start__ = .

.heapfcram      0x000000001b0009c8     0x1000
                0x000000001b0009c8                . = ALIGN (0x8)
 *(.heapfcram)
 *(.heapfcram.*)
                0x000000001b0009c8                . = ALIGN (0x8)
                0x000000001b0009c8                __heapfcram_start = .
                0x000000001b0009c8                __stack_fc_end__ = .
                0x000000001b0019c8                . = (. + __STACK_FC_SIZE)
 *fill*         0x000000001b0009c8     0x1000 
                0x000000001b0019c8                __stack_fc_start__ = .
                0x0000000000003638                __heapfcram_size = ((ORIGIN (FC_tcdm) + LENGTH (FC_tcdm)) - __heapfcram_start)

.vectors_irq    0x000000001c000000       0x94
                0x000000001c000000                . = ALIGN (0x100)
                0x000000001c000000                __irq_vector_base_m__ = .
 *(.vectors_irq)
 .vectors_irq   0x000000001c000000       0x94 /home/bitcraze/projects/LAB_IAA/code/gap8/BUILD/GAP8_V2/GCC_RISCV_FREERTOS//home/bitcraze/projects/gap_sdk/rtos/freeRTOS/vendors/gwt/gap8/src/device/startup_gap8.o
                0x000000001c000090                __rt_debug_struct_ptr

.text           0x000000001c000094     0xf920
                0x000000001c000094                . = ALIGN (0x4)
                0x000000001c000094                _stext = .
 *(.text.reset)
 .text.reset    0x000000001c000094       0x7e /home/bitcraze/projects/LAB_IAA/code/gap8/BUILD/GAP8_V2/GCC_RISCV_FREERTOS//home/bitcraze/projects/gap_sdk/rtos/freeRTOS/vendors/gwt/gap8/src/device/startup_gap8.o
                0x000000001c000094                reset_handler
 *(.text)
 .text          0x000000001c000112      0x2c8 /home/bitcraze/projects/LAB_IAA/code/gap8/BUILD/GAP8_V2/GCC_RISCV_FREERTOS//home/bitcraze/projects/gap_sdk/rtos/freeRTOS/vendors/gwt/gap8/src/device/gap8_iet.o
                0x000000001c000112                default_handler
                0x000000001c000116                cluster_notify_fc_handler
                0x000000001c00014e                pendSV_handler
                0x000000001c0001be                systick_handler
                0x000000001c00023a                hi_res_timer_handler
                0x000000001c000272                fc_event_handler
                0x000000001c0002aa                fc_hyper_handler
                0x000000001c000358                dma_irq_handler
                0x000000001c000380                ecall_handler
                0x000000001c0003d2                ill_ins_handler
 .text          0x000000001c0003da      0x126 /home/bitcraze/projects/LAB_IAA/code/gap8/BUILD/GAP8_V2/GCC_RISCV_FREERTOS//home/bitcraze/projects/gap_sdk/rtos/freeRTOS/vendors/gwt/gap8/pmsis/cluster/drivers/cluster_synchronisation/cluster_core.o
                0x000000001c0003da                cluster_exec_loop
                0x000000001c0004f2                cl_slave_stack_setup
 .text          0x000000001c000500       0xd8 /home/bitcraze/projects/LAB_IAA/code/gap8/BUILD/GAP8_V2/GCC_RISCV_FREERTOS//home/bitcraze/projects/gap_sdk/rtos/freeRTOS/vendors/gwt/gap8/pmsis/util/asm_util.o
                0x000000001c000500                ASM_FUNC_SAVE_MINIMAL_CONTEXT
                0x000000001c000544                ASM_FUNC_RESTORE_MINIMAL_CONTEXT
                0x000000001c000588                ASM_FUNC_SAVE_SAVE_CONTEXT
                0x000000001c0005a2                ASM_FUNC_RESTORE_SAVE_CONTEXT
                0x000000001c0005bc                ASM_FUNC_SAVE_CSR_CONTEXT
                0x000000001c0005ca                ASM_FUNC_RESTORE_CSR_CONTEXT
 .text          0x000000001c0005d8       0x8e /home/bitcraze/projects/LAB_IAA/code/gap8/BUILD/GAP8_V2/GCC_RISCV_FREERTOS//home/bitcraze/projects/gap_sdk/rtos/freeRTOS/freertos_kernel/portable/GCC/RI5CY-GAP8/port_asm.o
                0x000000001c0005d8                xPortStartScheduler
 .text          0x000000001c000666       0x64 /home/bitcraze/projects/LAB_IAA/code/gap8/BUILD/GAP8_V2/GCC_RISCV_FREERTOS//home/bitcraze/projects/gap_sdk/rtos/freeRTOS/vendors/gwt/gap8/pmsis/drivers/fc_event/fc_event.o
                0x000000001c000666                fc_soc_event_handler
 .text          0x000000001c0006ca       0xe8 /home/bitcraze/projects/LAB_IAA/code/gap8/BUILD/GAP8_V2/GCC_RISCV_FREERTOS//home/bitcraze/projects/gap_sdk/rtos/freeRTOS/vendors/gwt/gap8/pmsis/drivers/udma/hyperbus/hyperbus_internal.o
                0x000000001c0006ca                hyper_handler
 .text          0x000000001c0007b2      0x5fe /usr/lib/gap_riscv_toolchain/bin/../lib/gcc/riscv32-unknown-elf/7.1.1/rv32imcxgap8/ilp32/libgcc.a(adddf3.o)
                0x000000001c0007b2                __adddf3
 .text          0x000000001c000db0      0x4d2 /usr/lib/gap_riscv_toolchain/bin/../lib/gcc/riscv32-unknown-elf/7.1.1/rv32imcxgap8/ilp32/libgcc.a(divdf3.o)
                0x000000001c000db0                __divdf3
 .text          0x000000001c001282       0x60 /usr/lib/gap_riscv_toolchain/bin/../lib/gcc/riscv32-unknown-elf/7.1.1/rv32imcxgap8/ilp32/libgcc.a(eqdf2.o)
                0x000000001c001282                __eqdf2
                0x000000001c001282                __nedf2
 .text          0x000000001c0012e2       0xae /usr/lib/gap_riscv_toolchain/bin/../lib/gcc/riscv32-unknown-elf/7.1.1/rv32imcxgap8/ilp32/libgcc.a(gedf2.o)
                0x000000001c0012e2                __gtdf2
                0x000000001c0012e2                __gedf2
 .text          0x000000001c001390       0xae /usr/lib/gap_riscv_toolchain/bin/../lib/gcc/riscv32-unknown-elf/7.1.1/rv32imcxgap8/ilp32/libgcc.a(ledf2.o)
                0x000000001c001390                __ltdf2
                0x000000001c001390                __ledf2
 .text          0x000000001c00143e      0x43a /usr/lib/gap_riscv_toolchain/bin/../lib/gcc/riscv32-unknown-elf/7.1.1/rv32imcxgap8/ilp32/libgcc.a(muldf3.o)
                0x000000001c00143e                __muldf3
 .text          0x000000001c001878      0x612 /usr/lib/gap_riscv_toolchain/bin/../lib/gcc/riscv32-unknown-elf/7.1.1/rv32imcxgap8/ilp32/libgcc.a(subdf3.o)
                0x000000001c001878                __subdf3
 .text          0x000000001c001e8a       0x5c /usr/lib/gap_riscv_toolchain/bin/../lib/gcc/riscv32-unknown-elf/7.1.1/rv32imcxgap8/ilp32/libgcc.a(fixdfsi.o)
                0x000000001c001e8a                __fixdfsi
 .text          0x000000001c001ee6       0x52 /usr/lib/gap_riscv_toolchain/bin/../lib/gcc/riscv32-unknown-elf/7.1.1/rv32imcxgap8/ilp32/libgcc.a(fixunsdfsi.o)
                0x000000001c001ee6                __fixunsdfsi
 .text          0x000000001c001f38       0x58 /usr/lib/gap_riscv_toolchain/bin/../lib/gcc/riscv32-unknown-elf/7.1.1/rv32imcxgap8/ilp32/libgcc.a(floatsidf.o)
                0x000000001c001f38                __floatsidf
 .text          0x000000001c001f90       0x4c /usr/lib/gap_riscv_toolchain/bin/../lib/gcc/riscv32-unknown-elf/7.1.1/rv32imcxgap8/ilp32/libgcc.a(floatunsidf.o)
                0x000000001c001f90                __floatunsidf
 *(.text.*)
 .text.pi_task_callback
                0x000000001c001fdc       0x42 /home/bitcraze/projects/LAB_IAA/code/gap8/BUILD/GAP8_V2/GCC_RISCV_FREERTOS/iaa_lab3.o
 .text.pi_freq_get
                0x000000001c00201e       0x46 /home/bitcraze/projects/LAB_IAA/code/gap8/BUILD/GAP8_V2/GCC_RISCV_FREERTOS/iaa_lab3.o
 .text.__os_native_yield
                0x000000001c002064       0x10 /home/bitcraze/projects/LAB_IAA/code/gap8/BUILD/GAP8_V2/GCC_RISCV_FREERTOS/iaa_lab3.o
 .text.pmsis_kickoff
                0x000000001c002074       0x16 /home/bitcraze/projects/LAB_IAA/code/gap8/BUILD/GAP8_V2/GCC_RISCV_FREERTOS/iaa_lab3.o
 .text.pi_yield
                0x000000001c00208a        0xe /home/bitcraze/projects/LAB_IAA/code/gap8/BUILD/GAP8_V2/GCC_RISCV_FREERTOS/iaa_lab3.o
 .text.sendBufferViaCPXBlocking
                0x000000001c002098       0x6c /home/bitcraze/projects/LAB_IAA/code/gap8/BUILD/GAP8_V2/GCC_RISCV_FREERTOS/iaa_lab3.o
                0x000000001c002098                sendBufferViaCPXBlocking
 .text.pi_camera_control
                0x000000001c002104       0x26 /home/bitcraze/projects/LAB_IAA/code/gap8/BUILD/GAP8_V2/GCC_RISCV_FREERTOS/iaa_lab3.o
 .text.pi_camera_capture_async
                0x000000001c00212a       0x28 /home/bitcraze/projects/LAB_IAA/code/gap8/BUILD/GAP8_V2/GCC_RISCV_FREERTOS/iaa_lab3.o
 .text.pi_camera_reg_set
                0x000000001c002152       0x26 /home/bitcraze/projects/LAB_IAA/code/gap8/BUILD/GAP8_V2/GCC_RISCV_FREERTOS/iaa_lab3.o
 .text.pi_camera_reg_get
                0x000000001c002178       0x26 /home/bitcraze/projects/LAB_IAA/code/gap8/BUILD/GAP8_V2/GCC_RISCV_FREERTOS/iaa_lab3.o
 .text.pi_buffer_init
                0x000000001c00219e       0x20 /home/bitcraze/projects/LAB_IAA/code/gap8/BUILD/GAP8_V2/GCC_RISCV_FREERTOS/iaa_lab3.o
 .text.pi_buffer_set_format
                0x000000001c0021be       0x2a /home/bitcraze/projects/LAB_IAA/code/gap8/BUILD/GAP8_V2/GCC_RISCV_FREERTOS/iaa_lab3.o
 .text.start    0x000000001c0021e8       0xf8 /home/bitcraze/projects/LAB_IAA/code/gap8/BUILD/GAP8_V2/GCC_RISCV_FREERTOS/iaa_lab3.o
                0x000000001c0021e8                start
 .text.sendToSTM32
                0x000000001c0022e0       0x58 /home/bitcraze/projects/LAB_IAA/code/gap8/BUILD/GAP8_V2/GCC_RISCV_FREERTOS/iaa_lab3.o
                0x000000001c0022e0                sendToSTM32
 .text.rx_wifi_task
                0x000000001c002338       0x5a /home/bitcraze/projects/LAB_IAA/code/gap8/BUILD/GAP8_V2/GCC_RISCV_FREERTOS/iaa_lab3.o
                0x000000001c002338                rx_wifi_task
 .text.send_image_via_wifi
                0x000000001c002392       0xa4 /home/bitcraze/projects/LAB_IAA/code/gap8/BUILD/GAP8_V2/GCC_RISCV_FREERTOS/iaa_lab3.o
                0x000000001c002392                send_image_via_wifi
 .text.capture_done_cb
                0x000000001c002436       0x30 /home/bitcraze/projects/LAB_IAA/code/gap8/BUILD/GAP8_V2/GCC_RISCV_FREERTOS/iaa_lab3.o
 .text.camera_task
                0x000000001c002466       0x6e /home/bitcraze/projects/LAB_IAA/code/gap8/BUILD/GAP8_V2/GCC_RISCV_FREERTOS/iaa_lab3.o
                0x000000001c002466                camera_task
 .text.open_pi_camera_himax
                0x000000001c0024d4       0x96 /home/bitcraze/projects/LAB_IAA/code/gap8/BUILD/GAP8_V2/GCC_RISCV_FREERTOS/iaa_lab3.o
                0x000000001c0024d4                open_pi_camera_himax
 .text.main     0x000000001c00256a       0x1c /home/bitcraze/projects/LAB_IAA/code/gap8/BUILD/GAP8_V2/GCC_RISCV_FREERTOS/iaa_lab3.o
                0x000000001c00256a                main
 .text.__os_native_exit
                0x000000001c002586        0xc /home/bitcraze/projects/LAB_IAA/code/gap8/BUILD/GAP8_V2/GCC_RISCV_FREERTOS/lib/cpx/src/cpx.o
 .text.pmsis_exit
                0x000000001c002592       0x12 /home/bitcraze/projects/LAB_IAA/code/gap8/BUILD/GAP8_V2/GCC_RISCV_FREERTOS/lib/cpx/src/cpx.o
 .text.cpx_rx_task
                0x000000001c0025a4      0x124 /home/bitcraze/projects/LAB_IAA/code/gap8/BUILD/GAP8_V2/GCC_RISCV_FREERTOS/lib/cpx/src/cpx.o
 .text.cpxEnableFunction
                0x000000001c0026c8       0x2c /home/bitcraze/projects/LAB_IAA/code/gap8/BUILD/GAP8_V2/GCC_RISCV_FREERTOS/lib/cpx/src/cpx.o
                0x000000001c0026c8                cpxEnableFunction
 .text.cpxReceivePacketBlocking
                0x000000001c0026f4       0x38 /home/bitcraze/projects/LAB_IAA/code/gap8/BUILD/GAP8_V2/GCC_RISCV_FREERTOS/lib/cpx/src/cpx.o
                0x000000001c0026f4                cpxReceivePacketBlocking
 .text.cpxSendPacketBlocking
                0x000000001c00272c       0xe0 /home/bitcraze/projects/LAB_IAA/code/gap8/BUILD/GAP8_V2/GCC_RISCV_FREERTOS/lib/cpx/src/cpx.o
                0x000000001c00272c                cpxSendPacketBlocking
 .text.cpxPrintToConsole
                0x000000001c00280c       0xa8 /home/bitcraze/projects/LAB_IAA/code/gap8/BUILD/GAP8_V2/GCC_RISCV_FREERTOS/lib/cpx/src/cpx.o
                0x000000001c00280c                cpxPrintToConsole
 .text.cpxInitRoute
                0x000000001c0028b4       0x2a /home/bitcraze/projects/LAB_IAA/code/gap8/BUILD/GAP8_V2/GCC_RISCV_FREERTOS/lib/cpx/src/cpx.o
                0x000000001c0028b4                cpxInitRoute
 .text.cpxInit  0x000000001c0028de       0xa2 /home/bitcraze/projects/LAB_IAA/code/gap8/BUILD/GAP8_V2/GCC_RISCV_FREERTOS/lib/cpx/src/cpx.o
                0x000000001c0028de                cpxInit
 .text.pi_gpio_callback_init
                0x000000001c002980       0x2e /home/bitcraze/projects/LAB_IAA/code/gap8/BUILD/GAP8_V2/GCC_RISCV_FREERTOS/lib/cpx/src/com.o
 .text.__os_native_exit
                0x000000001c0029ae        0xc /home/bitcraze/projects/LAB_IAA/code/gap8/BUILD/GAP8_V2/GCC_RISCV_FREERTOS/lib/cpx/src/com.o
 .text.pmsis_exit
                0x000000001c0029ba       0x12 /home/bitcraze/projects/LAB_IAA/code/gap8/BUILD/GAP8_V2/GCC_RISCV_FREERTOS/lib/cpx/src/com.o
 .text.vDataReadyISR
                0x000000001c0029cc       0x32 /home/bitcraze/projects/LAB_IAA/code/gap8/BUILD/GAP8_V2/GCC_RISCV_FREERTOS/lib/cpx/src/com.o
                0x000000001c0029cc                vDataReadyISR
 .text.setup_nina_rtt_pin
                0x000000001c0029fe       0x74 /home/bitcraze/projects/LAB_IAA/code/gap8/BUILD/GAP8_V2/GCC_RISCV_FREERTOS/lib/cpx/src/com.o
 .text.setup_gap8_rtt_pin
                0x000000001c002a72       0x38 /home/bitcraze/projects/LAB_IAA/code/gap8/BUILD/GAP8_V2/GCC_RISCV_FREERTOS/lib/cpx/src/com.o
 .text.set_gap8_rtt_pin
                0x000000001c002aaa       0x22 /home/bitcraze/projects/LAB_IAA/code/gap8/BUILD/GAP8_V2/GCC_RISCV_FREERTOS/lib/cpx/src/com.o
                0x000000001c002aaa                set_gap8_rtt_pin
 .text.init_spi
                0x000000001c002acc       0x8e /home/bitcraze/projects/LAB_IAA/code/gap8/BUILD/GAP8_V2/GCC_RISCV_FREERTOS/lib/cpx/src/com.o
 .text.com_task
                0x000000001c002b5a      0x1ea /home/bitcraze/projects/LAB_IAA/code/gap8/BUILD/GAP8_V2/GCC_RISCV_FREERTOS/lib/cpx/src/com.o
                0x000000001c002b5a                com_task
 .text.com_init
                0x000000001c002d44       0xb4 /home/bitcraze/projects/LAB_IAA/code/gap8/BUILD/GAP8_V2/GCC_RISCV_FREERTOS/lib/cpx/src/com.o
                0x000000001c002d44                com_init
 .text.com_read
                0x000000001c002df8       0x20 /home/bitcraze/projects/LAB_IAA/code/gap8/BUILD/GAP8_V2/GCC_RISCV_FREERTOS/lib/cpx/src/com.o
                0x000000001c002df8                com_read
 .text.com_write
                0x000000001c002e18       0x40 /home/bitcraze/projects/LAB_IAA/code/gap8/BUILD/GAP8_V2/GCC_RISCV_FREERTOS/lib/cpx/src/com.o
                0x000000001c002e18                com_write
 .text.hal_compiler_barrier
                0x000000001c002e58        0x4 /home/bitcraze/projects/LAB_IAA/code/gap8/BUILD/GAP8_V2/GCC_RISCV_FREERTOS//home/bitcraze/projects/gap_sdk/rtos/freeRTOS/vendors/gwt/gap8/src/device/gap8_it.o
 .text.hal_write32
                0x000000001c002e5c       0x1a /home/bitcraze/projects/LAB_IAA/code/gap8/BUILD/GAP8_V2/GCC_RISCV_FREERTOS//home/bitcraze/projects/gap_sdk/rtos/freeRTOS/vendors/gwt/gap8/src/device/gap8_it.o
 .text.hal_eu_fc_evt_trig_set
                0x000000001c002e76       0x26 /home/bitcraze/projects/LAB_IAA/code/gap8/BUILD/GAP8_V2/GCC_RISCV_FREERTOS//home/bitcraze/projects/gap_sdk/rtos/freeRTOS/vendors/gwt/gap8/src/device/gap8_it.o
 .text.__os_native_exit
                0x000000001c002e9c        0xc /home/bitcraze/projects/LAB_IAA/code/gap8/BUILD/GAP8_V2/GCC_RISCV_FREERTOS//home/bitcraze/projects/gap_sdk/rtos/freeRTOS/vendors/gwt/gap8/src/device/gap8_it.o
 .text.pmsis_exit
                0x000000001c002ea8       0x12 /home/bitcraze/projects/LAB_IAA/code/gap8/BUILD/GAP8_V2/GCC_RISCV_FREERTOS//home/bitcraze/projects/gap_sdk/rtos/freeRTOS/vendors/gwt/gap8/src/device/gap8_it.o
 .text.vSetPendSV
                0x000000001c002eba       0x12 /home/bitcraze/projects/LAB_IAA/code/gap8/BUILD/GAP8_V2/GCC_RISCV_FREERTOS//home/bitcraze/projects/gap_sdk/rtos/freeRTOS/vendors/gwt/gap8/src/device/gap8_it.o
                0x000000001c002eba                vSetPendSV
 .text._procid  0x000000001c002ecc       0x1a /home/bitcraze/projects/LAB_IAA/code/gap8/BUILD/GAP8_V2/GCC_RISCV_FREERTOS//home/bitcraze/projects/gap_sdk/rtos/freeRTOS/vendors/gwt/gap8/src/device/gap8_it.o
                0x000000001c002ecc                _procid
 .text._clusterid
                0x000000001c002ee6       0x18 /home/bitcraze/projects/LAB_IAA/code/gap8/BUILD/GAP8_V2/GCC_RISCV_FREERTOS//home/bitcraze/projects/gap_sdk/rtos/freeRTOS/vendors/gwt/gap8/src/device/gap8_it.o
                0x000000001c002ee6                _clusterid
 .text._isr_default
                0x000000001c002efe       0x1a /home/bitcraze/projects/LAB_IAA/code/gap8/BUILD/GAP8_V2/GCC_RISCV_FREERTOS//home/bitcraze/projects/gap_sdk/rtos/freeRTOS/vendors/gwt/gap8/src/device/gap8_it.o
                0x000000001c002efe                _isr_default
 .text._ill_insn_print
                0x000000001c002f18       0x14 /home/bitcraze/projects/LAB_IAA/code/gap8/BUILD/GAP8_V2/GCC_RISCV_FREERTOS//home/bitcraze/projects/gap_sdk/rtos/freeRTOS/vendors/gwt/gap8/src/device/gap8_it.o
                0x000000001c002f18                _ill_insn_print
 .text.__NVIC_EnableIRQ
                0x000000001c002f2c       0x26 /home/bitcraze/projects/LAB_IAA/code/gap8/BUILD/GAP8_V2/GCC_RISCV_FREERTOS//home/bitcraze/projects/gap_sdk/rtos/freeRTOS/vendors/gwt/gap8/src/device/system_gap8.o
 .text.__native_cluster_id
                0x000000001c002f52       0x16 /home/bitcraze/projects/LAB_IAA/code/gap8/BUILD/GAP8_V2/GCC_RISCV_FREERTOS//home/bitcraze/projects/gap_sdk/rtos/freeRTOS/vendors/gwt/gap8/src/device/system_gap8.o
 .text.__native_is_fc
                0x000000001c002f68       0x1a /home/bitcraze/projects/LAB_IAA/code/gap8/BUILD/GAP8_V2/GCC_RISCV_FREERTOS//home/bitcraze/projects/gap_sdk/rtos/freeRTOS/vendors/gwt/gap8/src/device/system_gap8.o
 .text.hal_compiler_barrier
                0x000000001c002f82        0x4 /home/bitcraze/projects/LAB_IAA/code/gap8/BUILD/GAP8_V2/GCC_RISCV_FREERTOS//home/bitcraze/projects/gap_sdk/rtos/freeRTOS/vendors/gwt/gap8/src/device/system_gap8.o
 .text.hal_write32
                0x000000001c002f86       0x1a /home/bitcraze/projects/LAB_IAA/code/gap8/BUILD/GAP8_V2/GCC_RISCV_FREERTOS//home/bitcraze/projects/gap_sdk/rtos/freeRTOS/vendors/gwt/gap8/src/device/system_gap8.o
 .text.pi_is_fc
                0x000000001c002fa0       0x10 /home/bitcraze/projects/LAB_IAA/code/gap8/BUILD/GAP8_V2/GCC_RISCV_FREERTOS//home/bitcraze/projects/gap_sdk/rtos/freeRTOS/vendors/gwt/gap8/src/device/system_gap8.o
 .text.hal_evt_read32
                0x000000001c002fb0       0x16 /home/bitcraze/projects/LAB_IAA/code/gap8/BUILD/GAP8_V2/GCC_RISCV_FREERTOS//home/bitcraze/projects/gap_sdk/rtos/freeRTOS/vendors/gwt/gap8/src/device/system_gap8.o
 .text.hal_eu_evt_mask_clr
                0x000000001c002fc6       0x12 /home/bitcraze/projects/LAB_IAA/code/gap8/BUILD/GAP8_V2/GCC_RISCV_FREERTOS//home/bitcraze/projects/gap_sdk/rtos/freeRTOS/vendors/gwt/gap8/src/device/system_gap8.o
 .text.hal_eu_evt_wait
                0x000000001c002fd8       0x1a /home/bitcraze/projects/LAB_IAA/code/gap8/BUILD/GAP8_V2/GCC_RISCV_FREERTOS//home/bitcraze/projects/gap_sdk/rtos/freeRTOS/vendors/gwt/gap8/src/device/system_gap8.o
 .text.soc_ctrl_corestatus_set
                0x000000001c002ff2       0x22 /home/bitcraze/projects/LAB_IAA/code/gap8/BUILD/GAP8_V2/GCC_RISCV_FREERTOS//home/bitcraze/projects/gap_sdk/rtos/freeRTOS/vendors/gwt/gap8/src/device/system_gap8.o
 .text.__internal_semihost
                0x000000001c003014       0x1e /home/bitcraze/projects/LAB_IAA/code/gap8/BUILD/GAP8_V2/GCC_RISCV_FREERTOS//home/bitcraze/projects/gap_sdk/rtos/freeRTOS/vendors/gwt/gap8/src/device/system_gap8.o
 .text.semihost_exit
                0x000000001c003032       0x16 /home/bitcraze/projects/LAB_IAA/code/gap8/BUILD/GAP8_V2/GCC_RISCV_FREERTOS//home/bitcraze/projects/gap_sdk/rtos/freeRTOS/vendors/gwt/gap8/src/device/system_gap8.o
 .text.system_init
                0x000000001c003048       0x6e /home/bitcraze/projects/LAB_IAA/code/gap8/BUILD/GAP8_V2/GCC_RISCV_FREERTOS//home/bitcraze/projects/gap_sdk/rtos/freeRTOS/vendors/gwt/gap8/src/device/system_gap8.o
                0x000000001c003048                system_init
 .text.system_setup_systick
                0x000000001c0030b6       0x78 /home/bitcraze/projects/LAB_IAA/code/gap8/BUILD/GAP8_V2/GCC_RISCV_FREERTOS//home/bitcraze/projects/gap_sdk/rtos/freeRTOS/vendors/gwt/gap8/src/device/system_gap8.o
                0x000000001c0030b6                system_setup_systick
 .text.system_core_clock_update
                0x000000001c00312e       0xdc /home/bitcraze/projects/LAB_IAA/code/gap8/BUILD/GAP8_V2/GCC_RISCV_FREERTOS//home/bitcraze/projects/gap_sdk/rtos/freeRTOS/vendors/gwt/gap8/src/device/system_gap8.o
                0x000000001c00312e                system_core_clock_update
 .text.system_setup_timer
                0x000000001c00320a       0x62 /home/bitcraze/projects/LAB_IAA/code/gap8/BUILD/GAP8_V2/GCC_RISCV_FREERTOS//home/bitcraze/projects/gap_sdk/rtos/freeRTOS/vendors/gwt/gap8/src/device/system_gap8.o
                0x000000001c00320a                system_setup_timer
 .text.system_core_clock_get
                0x000000001c00326c        0xc /home/bitcraze/projects/LAB_IAA/code/gap8/BUILD/GAP8_V2/GCC_RISCV_FREERTOS//home/bitcraze/projects/gap_sdk/rtos/freeRTOS/vendors/gwt/gap8/src/device/system_gap8.o
                0x000000001c00326c                system_core_clock_get
 .text.system_exit
                0x000000001c003278       0x3a /home/bitcraze/projects/LAB_IAA/code/gap8/BUILD/GAP8_V2/GCC_RISCV_FREERTOS//home/bitcraze/projects/gap_sdk/rtos/freeRTOS/vendors/gwt/gap8/src/device/system_gap8.o
                0x000000001c003278                system_exit
 .text.__native_core_id
                0x000000001c0032b2       0x14 /home/bitcraze/projects/LAB_IAA/code/gap8/BUILD/GAP8_V2/GCC_RISCV_FREERTOS//home/bitcraze/projects/gap_sdk/rtos/freeRTOS/vendors/gwt/gap8/src/driver/gap_io.o
 .text.__native_cluster_id
                0x000000001c0032c6       0x16 /home/bitcraze/projects/LAB_IAA/code/gap8/BUILD/GAP8_V2/GCC_RISCV_FREERTOS//home/bitcraze/projects/gap_sdk/rtos/freeRTOS/vendors/gwt/gap8/src/driver/gap_io.o
 .text.__native_is_fc
                0x000000001c0032dc       0x1a /home/bitcraze/projects/LAB_IAA/code/gap8/BUILD/GAP8_V2/GCC_RISCV_FREERTOS//home/bitcraze/projects/gap_sdk/rtos/freeRTOS/vendors/gwt/gap8/src/driver/gap_io.o
 .text.pi_core_id
                0x000000001c0032f6       0x10 /home/bitcraze/projects/LAB_IAA/code/gap8/BUILD/GAP8_V2/GCC_RISCV_FREERTOS//home/bitcraze/projects/gap_sdk/rtos/freeRTOS/vendors/gwt/gap8/src/driver/gap_io.o
 .text.pi_cluster_id
                0x000000001c003306       0x10 /home/bitcraze/projects/LAB_IAA/code/gap8/BUILD/GAP8_V2/GCC_RISCV_FREERTOS//home/bitcraze/projects/gap_sdk/rtos/freeRTOS/vendors/gwt/gap8/src/driver/gap_io.o
 .text.pi_task_callback
                0x000000001c003316       0x42 /home/bitcraze/projects/LAB_IAA/code/gap8/BUILD/GAP8_V2/GCC_RISCV_FREERTOS//home/bitcraze/projects/gap_sdk/rtos/freeRTOS/vendors/gwt/gap8/src/driver/gap_io.o
 .text.__os_native_exit
                0x000000001c003358        0xa /home/bitcraze/projects/LAB_IAA/code/gap8/BUILD/GAP8_V2/GCC_RISCV_FREERTOS//home/bitcraze/projects/gap_sdk/rtos/freeRTOS/vendors/gwt/gap8/src/driver/gap_io.o
 .text.pmsis_exit
                0x000000001c003362       0x12 /home/bitcraze/projects/LAB_IAA/code/gap8/BUILD/GAP8_V2/GCC_RISCV_FREERTOS//home/bitcraze/projects/gap_sdk/rtos/freeRTOS/vendors/gwt/gap8/src/driver/gap_io.o
 .text.printf_uart_init
                0x000000001c003374       0x82 /home/bitcraze/projects/LAB_IAA/code/gap8/BUILD/GAP8_V2/GCC_RISCV_FREERTOS//home/bitcraze/projects/gap_sdk/rtos/freeRTOS/vendors/gwt/gap8/src/driver/gap_io.o
                0x000000001c003374                printf_uart_init
 .text.__uart_write_exec
                0x000000001c0033f6       0x4e /home/bitcraze/projects/LAB_IAA/code/gap8/BUILD/GAP8_V2/GCC_RISCV_FREERTOS//home/bitcraze/projects/gap_sdk/rtos/freeRTOS/vendors/gwt/gap8/src/driver/gap_io.o
 .text.__uart_putc_cluster_req
                0x000000001c003444       0x20 /home/bitcraze/projects/LAB_IAA/code/gap8/BUILD/GAP8_V2/GCC_RISCV_FREERTOS//home/bitcraze/projects/gap_sdk/rtos/freeRTOS/vendors/gwt/gap8/src/driver/gap_io.o
 .text.__uart_putc
                0x000000001c003464      0x14a /home/bitcraze/projects/LAB_IAA/code/gap8/BUILD/GAP8_V2/GCC_RISCV_FREERTOS//home/bitcraze/projects/gap_sdk/rtos/freeRTOS/vendors/gwt/gap8/src/driver/gap_io.o
 .text.__uart_printf_flush
                0x000000001c0035ae       0x80 /home/bitcraze/projects/LAB_IAA/code/gap8/BUILD/GAP8_V2/GCC_RISCV_FREERTOS//home/bitcraze/projects/gap_sdk/rtos/freeRTOS/vendors/gwt/gap8/src/driver/gap_io.o
 .text.tfp_putc
                0x000000001c00362e       0x26 /home/bitcraze/projects/LAB_IAA/code/gap8/BUILD/GAP8_V2/GCC_RISCV_FREERTOS//home/bitcraze/projects/gap_sdk/rtos/freeRTOS/vendors/gwt/gap8/src/driver/gap_io.o
 .text._putchar
                0x000000001c003654       0x1c /home/bitcraze/projects/LAB_IAA/code/gap8/BUILD/GAP8_V2/GCC_RISCV_FREERTOS//home/bitcraze/projects/gap_sdk/rtos/freeRTOS/vendors/gwt/gap8/src/driver/gap_io.o
                0x000000001c003654                _putchar
 .text.system_exit_printf_flush
                0x000000001c003670       0x26 /home/bitcraze/projects/LAB_IAA/code/gap8/BUILD/GAP8_V2/GCC_RISCV_FREERTOS//home/bitcraze/projects/gap_sdk/rtos/freeRTOS/vendors/gwt/gap8/src/driver/gap_io.o
                0x000000001c003670                system_exit_printf_flush
 .text.exit     0x000000001c003696        0xe /home/bitcraze/projects/LAB_IAA/code/gap8/BUILD/GAP8_V2/GCC_RISCV_FREERTOS//home/bitcraze/projects/gap_sdk/rtos/freeRTOS/vendors/gwt/libs/src/stdlib.o
                0x000000001c003696                exit
 .text.memcpy   0x000000001c0036a4       0x3e /home/bitcraze/projects/LAB_IAA/code/gap8/BUILD/GAP8_V2/GCC_RISCV_FREERTOS//home/bitcraze/projects/gap_sdk/rtos/freeRTOS/vendors/gwt/libs/src/string.o
                0x000000001c0036a4                memcpy
 .text.memset   0x000000001c0036e2       0x36 /home/bitcraze/projects/LAB_IAA/code/gap8/BUILD/GAP8_V2/GCC_RISCV_FREERTOS//home/bitcraze/projects/gap_sdk/rtos/freeRTOS/vendors/gwt/libs/src/string.o
                0x000000001c0036e2                memset
 .text.hal_compiler_barrier
                0x000000001c003718        0x4 /home/bitcraze/projects/LAB_IAA/code/gap8/BUILD/GAP8_V2/GCC_RISCV_FREERTOS//home/bitcraze/projects/gap_sdk/rtos/freeRTOS/vendors/gwt/gap8/pmsis/cluster/drivers/cluster_synchronisation/cl_to_fc_delegate.o
 .text.hal_write32
                0x000000001c00371c       0x1a /home/bitcraze/projects/LAB_IAA/code/gap8/BUILD/GAP8_V2/GCC_RISCV_FREERTOS//home/bitcraze/projects/gap_sdk/rtos/freeRTOS/vendors/gwt/gap8/pmsis/cluster/drivers/cluster_synchronisation/cl_to_fc_delegate.o
 .text.hal_evt_read32
                0x000000001c003736       0x16 /home/bitcraze/projects/LAB_IAA/code/gap8/BUILD/GAP8_V2/GCC_RISCV_FREERTOS//home/bitcraze/projects/gap_sdk/rtos/freeRTOS/vendors/gwt/gap8/pmsis/cluster/drivers/cluster_synchronisation/cl_to_fc_delegate.o
 .text.hal_eu_evt_mask_set
                0x000000001c00374c       0x12 /home/bitcraze/projects/LAB_IAA/code/gap8/BUILD/GAP8_V2/GCC_RISCV_FREERTOS//home/bitcraze/projects/gap_sdk/rtos/freeRTOS/vendors/gwt/gap8/pmsis/cluster/drivers/cluster_synchronisation/cl_to_fc_delegate.o
 .text.hal_eu_evt_mask_clr
                0x000000001c00375e       0x12 /home/bitcraze/projects/LAB_IAA/code/gap8/BUILD/GAP8_V2/GCC_RISCV_FREERTOS//home/bitcraze/projects/gap_sdk/rtos/freeRTOS/vendors/gwt/gap8/pmsis/cluster/drivers/cluster_synchronisation/cl_to_fc_delegate.o
 .text.hal_eu_evt_wait_and_clr
                0x000000001c003770       0x1a /home/bitcraze/projects/LAB_IAA/code/gap8/BUILD/GAP8_V2/GCC_RISCV_FREERTOS//home/bitcraze/projects/gap_sdk/rtos/freeRTOS/vendors/gwt/gap8/pmsis/cluster/drivers/cluster_synchronisation/cl_to_fc_delegate.o
 .text.hal_eu_evt_mask_wait_and_clr
                0x000000001c00378a       0x1c /home/bitcraze/projects/LAB_IAA/code/gap8/BUILD/GAP8_V2/GCC_RISCV_FREERTOS//home/bitcraze/projects/gap_sdk/rtos/freeRTOS/vendors/gwt/gap8/pmsis/cluster/drivers/cluster_synchronisation/cl_to_fc_delegate.o
 .text.hal_eu_cluster_evt_trig_set
                0x000000001c0037a6       0x1e /home/bitcraze/projects/LAB_IAA/code/gap8/BUILD/GAP8_V2/GCC_RISCV_FREERTOS//home/bitcraze/projects/gap_sdk/rtos/freeRTOS/vendors/gwt/gap8/pmsis/cluster/drivers/cluster_synchronisation/cl_to_fc_delegate.o
 .text.hal_eu_fc_evt_trig_set
                0x000000001c0037c4       0x26 /home/bitcraze/projects/LAB_IAA/code/gap8/BUILD/GAP8_V2/GCC_RISCV_FREERTOS//home/bitcraze/projects/gap_sdk/rtos/freeRTOS/vendors/gwt/gap8/pmsis/cluster/drivers/cluster_synchronisation/cl_to_fc_delegate.o
 .text.hal_eu_mutex_lock
                0x000000001c0037ea       0x24 /home/bitcraze/projects/LAB_IAA/code/gap8/BUILD/GAP8_V2/GCC_RISCV_FREERTOS//home/bitcraze/projects/gap_sdk/rtos/freeRTOS/vendors/gwt/gap8/pmsis/cluster/drivers/cluster_synchronisation/cl_to_fc_delegate.o
 .text.hal_eu_mutex_unlock
                0x000000001c00380e       0x1c /home/bitcraze/projects/LAB_IAA/code/gap8/BUILD/GAP8_V2/GCC_RISCV_FREERTOS//home/bitcraze/projects/gap_sdk/rtos/freeRTOS/vendors/gwt/gap8/pmsis/cluster/drivers/cluster_synchronisation/cl_to_fc_delegate.o
 .text.pi_task_push
                0x000000001c00382a       0x20 /home/bitcraze/projects/LAB_IAA/code/gap8/BUILD/GAP8_V2/GCC_RISCV_FREERTOS//home/bitcraze/projects/gap_sdk/rtos/freeRTOS/vendors/gwt/gap8/pmsis/cluster/drivers/cluster_synchronisation/cl_to_fc_delegate.o
 .text.__os_native_api_disable_irq
                0x000000001c00384a       0x12 /home/bitcraze/projects/LAB_IAA/code/gap8/BUILD/GAP8_V2/GCC_RISCV_FREERTOS//home/bitcraze/projects/gap_sdk/rtos/freeRTOS/vendors/gwt/gap8/pmsis/cluster/drivers/cluster_synchronisation/cl_to_fc_delegate.o
 .text.__os_native_api_restore_irq
                0x000000001c00385c       0x14 /home/bitcraze/projects/LAB_IAA/code/gap8/BUILD/GAP8_V2/GCC_RISCV_FREERTOS//home/bitcraze/projects/gap_sdk/rtos/freeRTOS/vendors/gwt/gap8/pmsis/cluster/drivers/cluster_synchronisation/cl_to_fc_delegate.o
 .text.pi_irq_disable
                0x000000001c003870       0x12 /home/bitcraze/projects/LAB_IAA/code/gap8/BUILD/GAP8_V2/GCC_RISCV_FREERTOS//home/bitcraze/projects/gap_sdk/rtos/freeRTOS/vendors/gwt/gap8/pmsis/cluster/drivers/cluster_synchronisation/cl_to_fc_delegate.o
 .text.pi_irq_restore
                0x000000001c003882       0x14 /home/bitcraze/projects/LAB_IAA/code/gap8/BUILD/GAP8_V2/GCC_RISCV_FREERTOS//home/bitcraze/projects/gap_sdk/rtos/freeRTOS/vendors/gwt/gap8/pmsis/cluster/drivers/cluster_synchronisation/cl_to_fc_delegate.o
 .text.cl_notify_fc_event_handler
                0x000000001c003896       0xe8 /home/bitcraze/projects/LAB_IAA/code/gap8/BUILD/GAP8_V2/GCC_RISCV_FREERTOS//home/bitcraze/projects/gap_sdk/rtos/freeRTOS/vendors/gwt/gap8/pmsis/cluster/drivers/cluster_synchronisation/cl_to_fc_delegate.o
                0x000000001c003896                cl_notify_fc_event_handler
 .text.pi_cl_send_task_to_fc
                0x000000001c00397e       0x3c /home/bitcraze/projects/LAB_IAA/code/gap8/BUILD/GAP8_V2/GCC_RISCV_FREERTOS//home/bitcraze/projects/gap_sdk/rtos/freeRTOS/vendors/gwt/gap8/pmsis/cluster/drivers/cluster_synchronisation/cl_to_fc_delegate.o
                0x000000001c00397e                pi_cl_send_task_to_fc
 .text.__native_cluster_id
                0x000000001c0039ba       0x16 /home/bitcraze/projects/LAB_IAA/code/gap8/BUILD/GAP8_V2/GCC_RISCV_FREERTOS//home/bitcraze/projects/gap_sdk/rtos/freeRTOS/vendors/gwt/gap8/pmsis/cluster/drivers/cluster_synchronisation/fc_to_cl_delegate.o
 .text.hal_compiler_barrier
                0x000000001c0039d0        0x4 /home/bitcraze/projects/LAB_IAA/code/gap8/BUILD/GAP8_V2/GCC_RISCV_FREERTOS//home/bitcraze/projects/gap_sdk/rtos/freeRTOS/vendors/gwt/gap8/pmsis/cluster/drivers/cluster_synchronisation/fc_to_cl_delegate.o
 .text.cl_sync_test_and_set_lock
                0x000000001c0039d4       0x1c /home/bitcraze/projects/LAB_IAA/code/gap8/BUILD/GAP8_V2/GCC_RISCV_FREERTOS//home/bitcraze/projects/gap_sdk/rtos/freeRTOS/vendors/gwt/gap8/pmsis/cluster/drivers/cluster_synchronisation/fc_to_cl_delegate.o
 .text.cl_sync_spinlock_take
                0x000000001c0039f0       0x1a /home/bitcraze/projects/LAB_IAA/code/gap8/BUILD/GAP8_V2/GCC_RISCV_FREERTOS//home/bitcraze/projects/gap_sdk/rtos/freeRTOS/vendors/gwt/gap8/pmsis/cluster/drivers/cluster_synchronisation/fc_to_cl_delegate.o
 .text.cl_sync_spinlock_release
                0x000000001c003a0a       0x1a /home/bitcraze/projects/LAB_IAA/code/gap8/BUILD/GAP8_V2/GCC_RISCV_FREERTOS//home/bitcraze/projects/gap_sdk/rtos/freeRTOS/vendors/gwt/gap8/pmsis/cluster/drivers/cluster_synchronisation/fc_to_cl_delegate.o
 .text.cl_task_finish
                0x000000001c003a24       0x3c /home/bitcraze/projects/LAB_IAA/code/gap8/BUILD/GAP8_V2/GCC_RISCV_FREERTOS//home/bitcraze/projects/gap_sdk/rtos/freeRTOS/vendors/gwt/gap8/pmsis/cluster/drivers/cluster_synchronisation/fc_to_cl_delegate.o
                0x000000001c003a24                cl_task_finish
 .text.cl_pop_cluster_task
                0x000000001c003a60       0x7a /home/bitcraze/projects/LAB_IAA/code/gap8/BUILD/GAP8_V2/GCC_RISCV_FREERTOS//home/bitcraze/projects/gap_sdk/rtos/freeRTOS/vendors/gwt/gap8/pmsis/cluster/drivers/cluster_synchronisation/fc_to_cl_delegate.o
 .text.hal_compiler_barrier
                0x000000001c003ada        0x4 /home/bitcraze/projects/LAB_IAA/code/gap8/BUILD/GAP8_V2/GCC_RISCV_FREERTOS//home/bitcraze/projects/gap_sdk/rtos/freeRTOS/vendors/gwt/gap8/pmsis/cluster/drivers/dma/cl_dma_irq.o
 .text.hal_write32
                0x000000001c003ade       0x1a /home/bitcraze/projects/LAB_IAA/code/gap8/BUILD/GAP8_V2/GCC_RISCV_FREERTOS//home/bitcraze/projects/gap_sdk/rtos/freeRTOS/vendors/gwt/gap8/pmsis/cluster/drivers/dma/cl_dma_irq.o
 .text.hal_read32
                0x000000001c003af8       0x1a /home/bitcraze/projects/LAB_IAA/code/gap8/BUILD/GAP8_V2/GCC_RISCV_FREERTOS//home/bitcraze/projects/gap_sdk/rtos/freeRTOS/vendors/gwt/gap8/pmsis/cluster/drivers/dma/cl_dma_irq.o
 .text.hal_eu_cluster_evt_trig_set
                0x000000001c003b12       0x1e /home/bitcraze/projects/LAB_IAA/code/gap8/BUILD/GAP8_V2/GCC_RISCV_FREERTOS//home/bitcraze/projects/gap_sdk/rtos/freeRTOS/vendors/gwt/gap8/pmsis/cluster/drivers/dma/cl_dma_irq.o
 .text.cl_dma_cmd_set
                0x000000001c003b30       0x1e /home/bitcraze/projects/LAB_IAA/code/gap8/BUILD/GAP8_V2/GCC_RISCV_FREERTOS//home/bitcraze/projects/gap_sdk/rtos/freeRTOS/vendors/gwt/gap8/pmsis/cluster/drivers/dma/cl_dma_irq.o
 .text.cl_dma_cmd_get
                0x000000001c003b4e       0x18 /home/bitcraze/projects/LAB_IAA/code/gap8/BUILD/GAP8_V2/GCC_RISCV_FREERTOS//home/bitcraze/projects/gap_sdk/rtos/freeRTOS/vendors/gwt/gap8/pmsis/cluster/drivers/dma/cl_dma_irq.o
 .text.cl_dma_status_set
                0x000000001c003b66       0x1e /home/bitcraze/projects/LAB_IAA/code/gap8/BUILD/GAP8_V2/GCC_RISCV_FREERTOS//home/bitcraze/projects/gap_sdk/rtos/freeRTOS/vendors/gwt/gap8/pmsis/cluster/drivers/dma/cl_dma_irq.o
 .text.hal_cl_dma_tid_get
                0x000000001c003b84       0x14 /home/bitcraze/projects/LAB_IAA/code/gap8/BUILD/GAP8_V2/GCC_RISCV_FREERTOS//home/bitcraze/projects/gap_sdk/rtos/freeRTOS/vendors/gwt/gap8/pmsis/cluster/drivers/dma/cl_dma_irq.o
 .text.hal_cl_dma_1d_transfer_push
                0x000000001c003b98       0x1e /home/bitcraze/projects/LAB_IAA/code/gap8/BUILD/GAP8_V2/GCC_RISCV_FREERTOS//home/bitcraze/projects/gap_sdk/rtos/freeRTOS/vendors/gwt/gap8/pmsis/cluster/drivers/dma/cl_dma_irq.o
 .text.hal_cl_dma_tid_free
                0x000000001c003bb6       0x20 /home/bitcraze/projects/LAB_IAA/code/gap8/BUILD/GAP8_V2/GCC_RISCV_FREERTOS//home/bitcraze/projects/gap_sdk/rtos/freeRTOS/vendors/gwt/gap8/pmsis/cluster/drivers/dma/cl_dma_irq.o
 .text.pi_cl_dma_2d_handler
                0x000000001c003bd6       0xca /home/bitcraze/projects/LAB_IAA/code/gap8/BUILD/GAP8_V2/GCC_RISCV_FREERTOS//home/bitcraze/projects/gap_sdk/rtos/freeRTOS/vendors/gwt/gap8/pmsis/cluster/drivers/dma/cl_dma_irq.o
                0x000000001c003bd6                pi_cl_dma_2d_handler
 .text.__NVIC_EnableIRQ
                0x000000001c003ca0       0x26 /home/bitcraze/projects/LAB_IAA/code/gap8/BUILD/GAP8_V2/GCC_RISCV_FREERTOS//home/bitcraze/projects/gap_sdk/rtos/freeRTOS/vendors/gwt/gap8/pmsis/drivers/fc_event/fc_event.o
 .text.hal_compiler_barrier
                0x000000001c003cc6        0x4 /home/bitcraze/projects/LAB_IAA/code/gap8/BUILD/GAP8_V2/GCC_RISCV_FREERTOS//home/bitcraze/projects/gap_sdk/rtos/freeRTOS/vendors/gwt/gap8/pmsis/drivers/fc_event/fc_event.o
 .text.hal_write32
                0x000000001c003cca       0x1a /home/bitcraze/projects/LAB_IAA/code/gap8/BUILD/GAP8_V2/GCC_RISCV_FREERTOS//home/bitcraze/projects/gap_sdk/rtos/freeRTOS/vendors/gwt/gap8/pmsis/drivers/fc_event/fc_event.o
 .text.hal_read32
                0x000000001c003ce4       0x1a /home/bitcraze/projects/LAB_IAA/code/gap8/BUILD/GAP8_V2/GCC_RISCV_FREERTOS//home/bitcraze/projects/gap_sdk/rtos/freeRTOS/vendors/gwt/gap8/pmsis/drivers/fc_event/fc_event.o
 .text.hal_eu_fc_evt_demux_trig_set
                0x000000001c003cfe       0x26 /home/bitcraze/projects/LAB_IAA/code/gap8/BUILD/GAP8_V2/GCC_RISCV_FREERTOS//home/bitcraze/projects/gap_sdk/rtos/freeRTOS/vendors/gwt/gap8/pmsis/drivers/fc_event/fc_event.o
 .text.fc_event_null_event
                0x000000001c003d24        0xa /home/bitcraze/projects/LAB_IAA/code/gap8/BUILD/GAP8_V2/GCC_RISCV_FREERTOS//home/bitcraze/projects/gap_sdk/rtos/freeRTOS/vendors/gwt/gap8/pmsis/drivers/fc_event/fc_event.o
 .text.pi_fc_event_handler_init
                0x000000001c003d2e       0x2c /home/bitcraze/projects/LAB_IAA/code/gap8/BUILD/GAP8_V2/GCC_RISCV_FREERTOS//home/bitcraze/projects/gap_sdk/rtos/freeRTOS/vendors/gwt/gap8/pmsis/drivers/fc_event/fc_event.o
                0x000000001c003d2e                pi_fc_event_handler_init
 .text.pi_fc_event_handler_set
                0x000000001c003d5a       0x1e /home/bitcraze/projects/LAB_IAA/code/gap8/BUILD/GAP8_V2/GCC_RISCV_FREERTOS//home/bitcraze/projects/gap_sdk/rtos/freeRTOS/vendors/gwt/gap8/pmsis/drivers/fc_event/fc_event.o
                0x000000001c003d5a                pi_fc_event_handler_set
 .text.pi_fc_event_handler_clear
                0x000000001c003d78       0x22 /home/bitcraze/projects/LAB_IAA/code/gap8/BUILD/GAP8_V2/GCC_RISCV_FREERTOS//home/bitcraze/projects/gap_sdk/rtos/freeRTOS/vendors/gwt/gap8/pmsis/drivers/fc_event/fc_event.o
                0x000000001c003d78                pi_fc_event_handler_clear
 .text.hal_compiler_barrier
                0x000000001c003d9a        0x4 /home/bitcraze/projects/LAB_IAA/code/gap8/BUILD/GAP8_V2/GCC_RISCV_FREERTOS//home/bitcraze/projects/gap_sdk/rtos/freeRTOS/vendors/gwt/gap8/pmsis/drivers/fll/fll.o
 .text.hal_write32
                0x000000001c003d9e       0x1a /home/bitcraze/projects/LAB_IAA/code/gap8/BUILD/GAP8_V2/GCC_RISCV_FREERTOS//home/bitcraze/projects/gap_sdk/rtos/freeRTOS/vendors/gwt/gap8/pmsis/drivers/fll/fll.o
 .text.hal_read32
                0x000000001c003db8       0x1a /home/bitcraze/projects/LAB_IAA/code/gap8/BUILD/GAP8_V2/GCC_RISCV_FREERTOS//home/bitcraze/projects/gap_sdk/rtos/freeRTOS/vendors/gwt/gap8/pmsis/drivers/fll/fll.o
 .text.fll_ctrl_status_get
                0x000000001c003dd2       0x16 /home/bitcraze/projects/LAB_IAA/code/gap8/BUILD/GAP8_V2/GCC_RISCV_FREERTOS//home/bitcraze/projects/gap_sdk/rtos/freeRTOS/vendors/gwt/gap8/pmsis/drivers/fll/fll.o
 .text.fll_ctrl_conf1_get
                0x000000001c003de8       0x18 /home/bitcraze/projects/LAB_IAA/code/gap8/BUILD/GAP8_V2/GCC_RISCV_FREERTOS//home/bitcraze/projects/gap_sdk/rtos/freeRTOS/vendors/gwt/gap8/pmsis/drivers/fll/fll.o
 .text.fll_ctrl_conf1_set
                0x000000001c003e00       0x1a /home/bitcraze/projects/LAB_IAA/code/gap8/BUILD/GAP8_V2/GCC_RISCV_FREERTOS//home/bitcraze/projects/gap_sdk/rtos/freeRTOS/vendors/gwt/gap8/pmsis/drivers/fll/fll.o
 .text.fll_ctrl_conf2_set
                0x000000001c003e1a       0x1a /home/bitcraze/projects/LAB_IAA/code/gap8/BUILD/GAP8_V2/GCC_RISCV_FREERTOS//home/bitcraze/projects/gap_sdk/rtos/freeRTOS/vendors/gwt/gap8/pmsis/drivers/fll/fll.o
 .text.fll_ctrl_integrator_set
                0x000000001c003e34       0x1a /home/bitcraze/projects/LAB_IAA/code/gap8/BUILD/GAP8_V2/GCC_RISCV_FREERTOS//home/bitcraze/projects/gap_sdk/rtos/freeRTOS/vendors/gwt/gap8/pmsis/drivers/fll/fll.o
 .text.hal_fll_status_mult_factor_get
                0x000000001c003e4e       0x30 /home/bitcraze/projects/LAB_IAA/code/gap8/BUILD/GAP8_V2/GCC_RISCV_FREERTOS//home/bitcraze/projects/gap_sdk/rtos/freeRTOS/vendors/gwt/gap8/pmsis/drivers/fll/fll.o
 .text.hal_fll_conf1_get
                0x000000001c003e7e       0x28 /home/bitcraze/projects/LAB_IAA/code/gap8/BUILD/GAP8_V2/GCC_RISCV_FREERTOS//home/bitcraze/projects/gap_sdk/rtos/freeRTOS/vendors/gwt/gap8/pmsis/drivers/fll/fll.o
 .text.hal_fll_conf1_mask_set
                0x000000001c003ea6       0x2a /home/bitcraze/projects/LAB_IAA/code/gap8/BUILD/GAP8_V2/GCC_RISCV_FREERTOS//home/bitcraze/projects/gap_sdk/rtos/freeRTOS/vendors/gwt/gap8/pmsis/drivers/fll/fll.o
 .text.hal_fll_conf1_div_get
                0x000000001c003ed0       0x2c /home/bitcraze/projects/LAB_IAA/code/gap8/BUILD/GAP8_V2/GCC_RISCV_FREERTOS//home/bitcraze/projects/gap_sdk/rtos/freeRTOS/vendors/gwt/gap8/pmsis/drivers/fll/fll.o
 .text.hal_fll_conf2_mask_set
                0x000000001c003efc       0x2a /home/bitcraze/projects/LAB_IAA/code/gap8/BUILD/GAP8_V2/GCC_RISCV_FREERTOS//home/bitcraze/projects/gap_sdk/rtos/freeRTOS/vendors/gwt/gap8/pmsis/drivers/fll/fll.o
 .text.hal_fll_integrator_set
                0x000000001c003f26       0x2a /home/bitcraze/projects/LAB_IAA/code/gap8/BUILD/GAP8_V2/GCC_RISCV_FREERTOS//home/bitcraze/projects/gap_sdk/rtos/freeRTOS/vendors/gwt/gap8/pmsis/drivers/fll/fll.o
 .text.__pi_fll_mult_div_from_frequency_get
                0x000000001c003f50       0x56 /home/bitcraze/projects/LAB_IAA/code/gap8/BUILD/GAP8_V2/GCC_RISCV_FREERTOS//home/bitcraze/projects/gap_sdk/rtos/freeRTOS/vendors/gwt/gap8/pmsis/drivers/fll/fll.o
 .text.__pi_fll_frequency_from_mult_div_get
                0x000000001c003fa6       0x22 /home/bitcraze/projects/LAB_IAA/code/gap8/BUILD/GAP8_V2/GCC_RISCV_FREERTOS//home/bitcraze/projects/gap_sdk/rtos/freeRTOS/vendors/gwt/gap8/pmsis/drivers/fll/fll.o
 .text.pi_fll_init
                0x000000001c003fc8       0xcc /home/bitcraze/projects/LAB_IAA/code/gap8/BUILD/GAP8_V2/GCC_RISCV_FREERTOS//home/bitcraze/projects/gap_sdk/rtos/freeRTOS/vendors/gwt/gap8/pmsis/drivers/fll/fll.o
                0x000000001c003fc8                pi_fll_init
 .text.pi_fll_frequency_set
                0x000000001c004094       0xd0 /home/bitcraze/projects/LAB_IAA/code/gap8/BUILD/GAP8_V2/GCC_RISCV_FREERTOS//home/bitcraze/projects/gap_sdk/rtos/freeRTOS/vendors/gwt/gap8/pmsis/drivers/fll/fll.o
                0x000000001c004094                pi_fll_frequency_set
 .text.pi_fll_frequency_get
                0x000000001c004164       0x70 /home/bitcraze/projects/LAB_IAA/code/gap8/BUILD/GAP8_V2/GCC_RISCV_FREERTOS//home/bitcraze/projects/gap_sdk/rtos/freeRTOS/vendors/gwt/gap8/pmsis/drivers/fll/fll.o
                0x000000001c004164                pi_fll_frequency_get
 .text.pi_freq_callback_add
                0x000000001c0041d4       0x4c /home/bitcraze/projects/LAB_IAA/code/gap8/BUILD/GAP8_V2/GCC_RISCV_FREERTOS//home/bitcraze/projects/gap_sdk/rtos/freeRTOS/vendors/gwt/gap8/pmsis/drivers/fll/fll.o
                0x000000001c0041d4                pi_freq_callback_add
 .text.pi_freq_callback_remove
                0x000000001c004220       0x9e /home/bitcraze/projects/LAB_IAA/code/gap8/BUILD/GAP8_V2/GCC_RISCV_FREERTOS//home/bitcraze/projects/gap_sdk/rtos/freeRTOS/vendors/gwt/gap8/pmsis/drivers/fll/fll.o
                0x000000001c004220                pi_freq_callback_remove
 .text.pi_freq_callback_exec
                0x000000001c0042be       0x2e /home/bitcraze/projects/LAB_IAA/code/gap8/BUILD/GAP8_V2/GCC_RISCV_FREERTOS//home/bitcraze/projects/gap_sdk/rtos/freeRTOS/vendors/gwt/gap8/pmsis/drivers/fll/fll.o
                0x000000001c0042be                pi_freq_callback_exec
 .text.hal_compiler_barrier
                0x000000001c0042ec        0x4 /home/bitcraze/projects/LAB_IAA/code/gap8/BUILD/GAP8_V2/GCC_RISCV_FREERTOS//home/bitcraze/projects/gap_sdk/rtos/freeRTOS/vendors/gwt/gap8/pmsis/drivers/gpio/gpio.o
 .text.hal_write32
                0x000000001c0042f0       0x1a /home/bitcraze/projects/LAB_IAA/code/gap8/BUILD/GAP8_V2/GCC_RISCV_FREERTOS//home/bitcraze/projects/gap_sdk/rtos/freeRTOS/vendors/gwt/gap8/pmsis/drivers/gpio/gpio.o
 .text.hal_read32
                0x000000001c00430a       0x1a /home/bitcraze/projects/LAB_IAA/code/gap8/BUILD/GAP8_V2/GCC_RISCV_FREERTOS//home/bitcraze/projects/gap_sdk/rtos/freeRTOS/vendors/gwt/gap8/pmsis/drivers/gpio/gpio.o
 .text.gpio_paddir_set
                0x000000001c004324       0x16 /home/bitcraze/projects/LAB_IAA/code/gap8/BUILD/GAP8_V2/GCC_RISCV_FREERTOS//home/bitcraze/projects/gap_sdk/rtos/freeRTOS/vendors/gwt/gap8/pmsis/drivers/gpio/gpio.o
 .text.gpio_paddir_get
                0x000000001c00433a       0x14 /home/bitcraze/projects/LAB_IAA/code/gap8/BUILD/GAP8_V2/GCC_RISCV_FREERTOS//home/bitcraze/projects/gap_sdk/rtos/freeRTOS/vendors/gwt/gap8/pmsis/drivers/gpio/gpio.o
 .text.gpio_padin_get
                0x000000001c00434e       0x18 /home/bitcraze/projects/LAB_IAA/code/gap8/BUILD/GAP8_V2/GCC_RISCV_FREERTOS//home/bitcraze/projects/gap_sdk/rtos/freeRTOS/vendors/gwt/gap8/pmsis/drivers/gpio/gpio.o
 .text.gpio_padout_set
                0x000000001c004366       0x1a /home/bitcraze/projects/LAB_IAA/code/gap8/BUILD/GAP8_V2/GCC_RISCV_FREERTOS//home/bitcraze/projects/gap_sdk/rtos/freeRTOS/vendors/gwt/gap8/pmsis/drivers/gpio/gpio.o
 .text.gpio_padout_get
                0x000000001c004380       0x18 /home/bitcraze/projects/LAB_IAA/code/gap8/BUILD/GAP8_V2/GCC_RISCV_FREERTOS//home/bitcraze/projects/gap_sdk/rtos/freeRTOS/vendors/gwt/gap8/pmsis/drivers/gpio/gpio.o
 .text.gpio_inten_set
                0x000000001c004398       0x1a /home/bitcraze/projects/LAB_IAA/code/gap8/BUILD/GAP8_V2/GCC_RISCV_FREERTOS//home/bitcraze/projects/gap_sdk/rtos/freeRTOS/vendors/gwt/gap8/pmsis/drivers/gpio/gpio.o
 .text.gpio_inten_get
                0x000000001c0043b2       0x18 /home/bitcraze/projects/LAB_IAA/code/gap8/BUILD/GAP8_V2/GCC_RISCV_FREERTOS//home/bitcraze/projects/gap_sdk/rtos/freeRTOS/vendors/gwt/gap8/pmsis/drivers/gpio/gpio.o
 .text.gpio_inttype_set
                0x000000001c0043ca       0x2a /home/bitcraze/projects/LAB_IAA/code/gap8/BUILD/GAP8_V2/GCC_RISCV_FREERTOS//home/bitcraze/projects/gap_sdk/rtos/freeRTOS/vendors/gwt/gap8/pmsis/drivers/gpio/gpio.o
 .text.gpio_inttype_get
                0x000000001c0043f4       0x28 /home/bitcraze/projects/LAB_IAA/code/gap8/BUILD/GAP8_V2/GCC_RISCV_FREERTOS//home/bitcraze/projects/gap_sdk/rtos/freeRTOS/vendors/gwt/gap8/pmsis/drivers/gpio/gpio.o
 .text.gpio_intstatus_get
                0x000000001c00441c       0x18 /home/bitcraze/projects/LAB_IAA/code/gap8/BUILD/GAP8_V2/GCC_RISCV_FREERTOS//home/bitcraze/projects/gap_sdk/rtos/freeRTOS/vendors/gwt/gap8/pmsis/drivers/gpio/gpio.o
 .text.gpio_gpioen_set
                0x000000001c004434       0x1a /home/bitcraze/projects/LAB_IAA/code/gap8/BUILD/GAP8_V2/GCC_RISCV_FREERTOS//home/bitcraze/projects/gap_sdk/rtos/freeRTOS/vendors/gwt/gap8/pmsis/drivers/gpio/gpio.o
 .text.gpio_gpioen_get
                0x000000001c00444e       0x18 /home/bitcraze/projects/LAB_IAA/code/gap8/BUILD/GAP8_V2/GCC_RISCV_FREERTOS//home/bitcraze/projects/gap_sdk/rtos/freeRTOS/vendors/gwt/gap8/pmsis/drivers/gpio/gpio.o
 .text.gpio_padcfg_set
                0x000000001c004466       0x2e /home/bitcraze/projects/LAB_IAA/code/gap8/BUILD/GAP8_V2/GCC_RISCV_FREERTOS//home/bitcraze/projects/gap_sdk/rtos/freeRTOS/vendors/gwt/gap8/pmsis/drivers/gpio/gpio.o
 .text.gpio_padcfg_get
                0x000000001c004494       0x2c /home/bitcraze/projects/LAB_IAA/code/gap8/BUILD/GAP8_V2/GCC_RISCV_FREERTOS//home/bitcraze/projects/gap_sdk/rtos/freeRTOS/vendors/gwt/gap8/pmsis/drivers/gpio/gpio.o
 .text.hal_gpio_pin_direction_set
                0x000000001c0044c0       0x4e /home/bitcraze/projects/LAB_IAA/code/gap8/BUILD/GAP8_V2/GCC_RISCV_FREERTOS//home/bitcraze/projects/gap_sdk/rtos/freeRTOS/vendors/gwt/gap8/pmsis/drivers/gpio/gpio.o
 .text.hal_gpio_pin_input_value_get
                0x000000001c00450e       0x32 /home/bitcraze/projects/LAB_IAA/code/gap8/BUILD/GAP8_V2/GCC_RISCV_FREERTOS//home/bitcraze/projects/gap_sdk/rtos/freeRTOS/vendors/gwt/gap8/pmsis/drivers/gpio/gpio.o
 .text.hal_gpio_pin_output_value_set
                0x000000001c004540       0x4e /home/bitcraze/projects/LAB_IAA/code/gap8/BUILD/GAP8_V2/GCC_RISCV_FREERTOS//home/bitcraze/projects/gap_sdk/rtos/freeRTOS/vendors/gwt/gap8/pmsis/drivers/gpio/gpio.o
 .text.hal_gpio_pin_output_value_get
                0x000000001c00458e       0x32 /home/bitcraze/projects/LAB_IAA/code/gap8/BUILD/GAP8_V2/GCC_RISCV_FREERTOS//home/bitcraze/projects/gap_sdk/rtos/freeRTOS/vendors/gwt/gap8/pmsis/drivers/gpio/gpio.o
 .text.hal_gpio_pin_irq_set
                0x000000001c0045c0       0x4e /home/bitcraze/projects/LAB_IAA/code/gap8/BUILD/GAP8_V2/GCC_RISCV_FREERTOS//home/bitcraze/projects/gap_sdk/rtos/freeRTOS/vendors/gwt/gap8/pmsis/drivers/gpio/gpio.o
 .text.hal_gpio_pin_irq_type_set
                0x000000001c00460e       0x72 /home/bitcraze/projects/LAB_IAA/code/gap8/BUILD/GAP8_V2/GCC_RISCV_FREERTOS//home/bitcraze/projects/gap_sdk/rtos/freeRTOS/vendors/gwt/gap8/pmsis/drivers/gpio/gpio.o
 .text.hal_gpio_irq_status_get
                0x000000001c004680       0x12 /home/bitcraze/projects/LAB_IAA/code/gap8/BUILD/GAP8_V2/GCC_RISCV_FREERTOS//home/bitcraze/projects/gap_sdk/rtos/freeRTOS/vendors/gwt/gap8/pmsis/drivers/gpio/gpio.o
 .text.hal_gpio_pin_enable
                0x000000001c004692       0x4e /home/bitcraze/projects/LAB_IAA/code/gap8/BUILD/GAP8_V2/GCC_RISCV_FREERTOS//home/bitcraze/projects/gap_sdk/rtos/freeRTOS/vendors/gwt/gap8/pmsis/drivers/gpio/gpio.o
 .text.hal_gpio_pin_config_set
                0x000000001c0046e0       0x84 /home/bitcraze/projects/LAB_IAA/code/gap8/BUILD/GAP8_V2/GCC_RISCV_FREERTOS//home/bitcraze/projects/gap_sdk/rtos/freeRTOS/vendors/gwt/gap8/pmsis/drivers/gpio/gpio.o
 .text.hal_soc_eu_set_fc_mask
                0x000000001c004764       0x5a /home/bitcraze/projects/LAB_IAA/code/gap8/BUILD/GAP8_V2/GCC_RISCV_FREERTOS//home/bitcraze/projects/gap_sdk/rtos/freeRTOS/vendors/gwt/gap8/pmsis/drivers/gpio/gpio.o
 .text.__pi_irq_handle_end_of_task
                0x000000001c0047be       0x26 /home/bitcraze/projects/LAB_IAA/code/gap8/BUILD/GAP8_V2/GCC_RISCV_FREERTOS//home/bitcraze/projects/gap_sdk/rtos/freeRTOS/vendors/gwt/gap8/pmsis/drivers/gpio/gpio.o
 .text.pi_task_push
                0x000000001c0047e4       0x20 /home/bitcraze/projects/LAB_IAA/code/gap8/BUILD/GAP8_V2/GCC_RISCV_FREERTOS//home/bitcraze/projects/gap_sdk/rtos/freeRTOS/vendors/gwt/gap8/pmsis/drivers/gpio/gpio.o
 .text.__os_native_api_disable_irq
                0x000000001c004804       0x12 /home/bitcraze/projects/LAB_IAA/code/gap8/BUILD/GAP8_V2/GCC_RISCV_FREERTOS//home/bitcraze/projects/gap_sdk/rtos/freeRTOS/vendors/gwt/gap8/pmsis/drivers/gpio/gpio.o
 .text.__os_native_api_restore_irq
                0x000000001c004816       0x14 /home/bitcraze/projects/LAB_IAA/code/gap8/BUILD/GAP8_V2/GCC_RISCV_FREERTOS//home/bitcraze/projects/gap_sdk/rtos/freeRTOS/vendors/gwt/gap8/pmsis/drivers/gpio/gpio.o
 .text.pi_irq_disable
                0x000000001c00482a       0x14 /home/bitcraze/projects/LAB_IAA/code/gap8/BUILD/GAP8_V2/GCC_RISCV_FREERTOS//home/bitcraze/projects/gap_sdk/rtos/freeRTOS/vendors/gwt/gap8/pmsis/drivers/gpio/gpio.o
 .text.pi_irq_restore
                0x000000001c00483e       0x16 /home/bitcraze/projects/LAB_IAA/code/gap8/BUILD/GAP8_V2/GCC_RISCV_FREERTOS//home/bitcraze/projects/gap_sdk/rtos/freeRTOS/vendors/gwt/gap8/pmsis/drivers/gpio/gpio.o
 .text.__pi_gpio_callback_add
                0x000000001c004854       0x40 /home/bitcraze/projects/LAB_IAA/code/gap8/BUILD/GAP8_V2/GCC_RISCV_FREERTOS//home/bitcraze/projects/gap_sdk/rtos/freeRTOS/vendors/gwt/gap8/pmsis/drivers/gpio/gpio.o
 .text.__pi_gpio_callback_fire
                0x000000001c004894       0x3c /home/bitcraze/projects/LAB_IAA/code/gap8/BUILD/GAP8_V2/GCC_RISCV_FREERTOS//home/bitcraze/projects/gap_sdk/rtos/freeRTOS/vendors/gwt/gap8/pmsis/drivers/gpio/gpio.o
 .text.gpio_handler
                0x000000001c0048d0       0x80 /home/bitcraze/projects/LAB_IAA/code/gap8/BUILD/GAP8_V2/GCC_RISCV_FREERTOS//home/bitcraze/projects/gap_sdk/rtos/freeRTOS/vendors/gwt/gap8/pmsis/drivers/gpio/gpio.o
 .text.pi_gpio_conf_init
                0x000000001c004950       0x16 /home/bitcraze/projects/LAB_IAA/code/gap8/BUILD/GAP8_V2/GCC_RISCV_FREERTOS//home/bitcraze/projects/gap_sdk/rtos/freeRTOS/vendors/gwt/gap8/pmsis/drivers/gpio/gpio.o
                0x000000001c004950                pi_gpio_conf_init
 .text.pi_gpio_open
                0x000000001c004966       0xee /home/bitcraze/projects/LAB_IAA/code/gap8/BUILD/GAP8_V2/GCC_RISCV_FREERTOS//home/bitcraze/projects/gap_sdk/rtos/freeRTOS/vendors/gwt/gap8/pmsis/drivers/gpio/gpio.o
                0x000000001c004966                pi_gpio_open
 .text.pi_gpio_pin_configure
                0x000000001c004a54       0xfa /home/bitcraze/projects/LAB_IAA/code/gap8/BUILD/GAP8_V2/GCC_RISCV_FREERTOS//home/bitcraze/projects/gap_sdk/rtos/freeRTOS/vendors/gwt/gap8/pmsis/drivers/gpio/gpio.o
                0x000000001c004a54                pi_gpio_pin_configure
 .text.pi_gpio_pin_write
                0x000000001c004b4e       0x5e /home/bitcraze/projects/LAB_IAA/code/gap8/BUILD/GAP8_V2/GCC_RISCV_FREERTOS//home/bitcraze/projects/gap_sdk/rtos/freeRTOS/vendors/gwt/gap8/pmsis/drivers/gpio/gpio.o
                0x000000001c004b4e                pi_gpio_pin_write
 .text.pi_gpio_pin_read
                0x000000001c004bac       0x86 /home/bitcraze/projects/LAB_IAA/code/gap8/BUILD/GAP8_V2/GCC_RISCV_FREERTOS//home/bitcraze/projects/gap_sdk/rtos/freeRTOS/vendors/gwt/gap8/pmsis/drivers/gpio/gpio.o
                0x000000001c004bac                pi_gpio_pin_read
 .text.pi_gpio_pin_notif_configure
                0x000000001c004c32       0x7a /home/bitcraze/projects/LAB_IAA/code/gap8/BUILD/GAP8_V2/GCC_RISCV_FREERTOS//home/bitcraze/projects/gap_sdk/rtos/freeRTOS/vendors/gwt/gap8/pmsis/drivers/gpio/gpio.o
                0x000000001c004c32                pi_gpio_pin_notif_configure
 .text.pi_gpio_callback_add
                0x000000001c004cac       0x20 /home/bitcraze/projects/LAB_IAA/code/gap8/BUILD/GAP8_V2/GCC_RISCV_FREERTOS//home/bitcraze/projects/gap_sdk/rtos/freeRTOS/vendors/gwt/gap8/pmsis/drivers/gpio/gpio.o
                0x000000001c004cac                pi_gpio_callback_add
 .text.hal_compiler_barrier
                0x000000001c004ccc        0x4 /home/bitcraze/projects/LAB_IAA/code/gap8/BUILD/GAP8_V2/GCC_RISCV_FREERTOS//home/bitcraze/projects/gap_sdk/rtos/freeRTOS/vendors/gwt/gap8/pmsis/drivers/pad/pad.o
 .text.hal_write32
                0x000000001c004cd0       0x1a /home/bitcraze/projects/LAB_IAA/code/gap8/BUILD/GAP8_V2/GCC_RISCV_FREERTOS//home/bitcraze/projects/gap_sdk/rtos/freeRTOS/vendors/gwt/gap8/pmsis/drivers/pad/pad.o
 .text.hal_read32
                0x000000001c004cea       0x1a /home/bitcraze/projects/LAB_IAA/code/gap8/BUILD/GAP8_V2/GCC_RISCV_FREERTOS//home/bitcraze/projects/gap_sdk/rtos/freeRTOS/vendors/gwt/gap8/pmsis/drivers/pad/pad.o
 .text.soc_ctrl_safe_padfun_set
                0x000000001c004d04       0x2c /home/bitcraze/projects/LAB_IAA/code/gap8/BUILD/GAP8_V2/GCC_RISCV_FREERTOS//home/bitcraze/projects/gap_sdk/rtos/freeRTOS/vendors/gwt/gap8/pmsis/drivers/pad/pad.o
 .text.soc_ctrl_safe_padfun_get
                0x000000001c004d30       0x2a /home/bitcraze/projects/LAB_IAA/code/gap8/BUILD/GAP8_V2/GCC_RISCV_FREERTOS//home/bitcraze/projects/gap_sdk/rtos/freeRTOS/vendors/gwt/gap8/pmsis/drivers/pad/pad.o
 .text.hal_pad_function_set
                0x000000001c004d5a       0x72 /home/bitcraze/projects/LAB_IAA/code/gap8/BUILD/GAP8_V2/GCC_RISCV_FREERTOS//home/bitcraze/projects/gap_sdk/rtos/freeRTOS/vendors/gwt/gap8/pmsis/drivers/pad/pad.o
 .text.hal_pad_padfunc_set
                0x000000001c004dcc       0x20 /home/bitcraze/projects/LAB_IAA/code/gap8/BUILD/GAP8_V2/GCC_RISCV_FREERTOS//home/bitcraze/projects/gap_sdk/rtos/freeRTOS/vendors/gwt/gap8/pmsis/drivers/pad/pad.o
 .text.pi_pad_set_function
                0x000000001c004dec       0x24 /home/bitcraze/projects/LAB_IAA/code/gap8/BUILD/GAP8_V2/GCC_RISCV_FREERTOS//home/bitcraze/projects/gap_sdk/rtos/freeRTOS/vendors/gwt/gap8/pmsis/drivers/pad/pad.o
                0x000000001c004dec                pi_pad_set_function
 .text.pi_pad_init
                0x000000001c004e10       0x36 /home/bitcraze/projects/LAB_IAA/code/gap8/BUILD/GAP8_V2/GCC_RISCV_FREERTOS//home/bitcraze/projects/gap_sdk/rtos/freeRTOS/vendors/gwt/gap8/pmsis/drivers/pad/pad.o
                0x000000001c004e10                pi_pad_init
 .text.hal_compiler_barrier
                0x000000001c004e46        0x4 /home/bitcraze/projects/LAB_IAA/code/gap8/BUILD/GAP8_V2/GCC_RISCV_FREERTOS//home/bitcraze/projects/gap_sdk/rtos/freeRTOS/vendors/gwt/gap8/pmsis/drivers/pmu/pmu_internal.o
 .text.hal_write32
                0x000000001c004e4a       0x1a /home/bitcraze/projects/LAB_IAA/code/gap8/BUILD/GAP8_V2/GCC_RISCV_FREERTOS//home/bitcraze/projects/gap_sdk/rtos/freeRTOS/vendors/gwt/gap8/pmsis/drivers/pmu/pmu_internal.o
 .text.hal_read32
                0x000000001c004e64       0x1a /home/bitcraze/projects/LAB_IAA/code/gap8/BUILD/GAP8_V2/GCC_RISCV_FREERTOS//home/bitcraze/projects/gap_sdk/rtos/freeRTOS/vendors/gwt/gap8/pmsis/drivers/pmu/pmu_internal.o
 .text.soc_ctrl_cl_bypass_set
                0x000000001c004e7e       0x1a /home/bitcraze/projects/LAB_IAA/code/gap8/BUILD/GAP8_V2/GCC_RISCV_FREERTOS//home/bitcraze/projects/gap_sdk/rtos/freeRTOS/vendors/gwt/gap8/pmsis/drivers/pmu/pmu_internal.o
 .text.soc_ctrl_cl_bypass_get
                0x000000001c004e98       0x18 /home/bitcraze/projects/LAB_IAA/code/gap8/BUILD/GAP8_V2/GCC_RISCV_FREERTOS//home/bitcraze/projects/gap_sdk/rtos/freeRTOS/vendors/gwt/gap8/pmsis/drivers/pmu/pmu_internal.o
 .text.soc_ctrl_safe_pmu_rar_get
                0x000000001c004eb0       0x1a /home/bitcraze/projects/LAB_IAA/code/gap8/BUILD/GAP8_V2/GCC_RISCV_FREERTOS//home/bitcraze/projects/gap_sdk/rtos/freeRTOS/vendors/gwt/gap8/pmsis/drivers/pmu/pmu_internal.o
 .text.soc_ctrl_safe_pmu_sleepctrl_get
                0x000000001c004eca       0x1a /home/bitcraze/projects/LAB_IAA/code/gap8/BUILD/GAP8_V2/GCC_RISCV_FREERTOS//home/bitcraze/projects/gap_sdk/rtos/freeRTOS/vendors/gwt/gap8/pmsis/drivers/pmu/pmu_internal.o
 .text.hal_soc_ctrl_cl_bypass_get
                0x000000001c004ee4       0x12 /home/bitcraze/projects/LAB_IAA/code/gap8/BUILD/GAP8_V2/GCC_RISCV_FREERTOS//home/bitcraze/projects/gap_sdk/rtos/freeRTOS/vendors/gwt/gap8/pmsis/drivers/pmu/pmu_internal.o
 .text.hal_soc_ctrl_cl_bypass_mask_set
                0x000000001c004ef6       0x14 /home/bitcraze/projects/LAB_IAA/code/gap8/BUILD/GAP8_V2/GCC_RISCV_FREERTOS//home/bitcraze/projects/gap_sdk/rtos/freeRTOS/vendors/gwt/gap8/pmsis/drivers/pmu/pmu_internal.o
 .text.hal_soc_ctrl_pmu_rar_get
                0x000000001c004f0a       0x12 /home/bitcraze/projects/LAB_IAA/code/gap8/BUILD/GAP8_V2/GCC_RISCV_FREERTOS//home/bitcraze/projects/gap_sdk/rtos/freeRTOS/vendors/gwt/gap8/pmsis/drivers/pmu/pmu_internal.o
 .text.hal_soc_ctrl_pmu_sleepctrl_get
                0x000000001c004f1c       0x12 /home/bitcraze/projects/LAB_IAA/code/gap8/BUILD/GAP8_V2/GCC_RISCV_FREERTOS//home/bitcraze/projects/gap_sdk/rtos/freeRTOS/vendors/gwt/gap8/pmsis/drivers/pmu/pmu_internal.o
 .text.pmu_dlc_dlc_imr_set
                0x000000001c004f2e       0x1c /home/bitcraze/projects/LAB_IAA/code/gap8/BUILD/GAP8_V2/GCC_RISCV_FREERTOS//home/bitcraze/projects/gap_sdk/rtos/freeRTOS/vendors/gwt/gap8/pmsis/drivers/pmu/pmu_internal.o
 .text.pmu_dlc_dlc_ifr_set
                0x000000001c004f4a       0x1c /home/bitcraze/projects/LAB_IAA/code/gap8/BUILD/GAP8_V2/GCC_RISCV_FREERTOS//home/bitcraze/projects/gap_sdk/rtos/freeRTOS/vendors/gwt/gap8/pmsis/drivers/pmu/pmu_internal.o
 .text.hal_pmu_dlc_imr_mask_set
                0x000000001c004f66       0x14 /home/bitcraze/projects/LAB_IAA/code/gap8/BUILD/GAP8_V2/GCC_RISCV_FREERTOS//home/bitcraze/projects/gap_sdk/rtos/freeRTOS/vendors/gwt/gap8/pmsis/drivers/pmu/pmu_internal.o
 .text.hal_pmu_dlc_ifr_mask_clear
                0x000000001c004f7a       0x14 /home/bitcraze/projects/LAB_IAA/code/gap8/BUILD/GAP8_V2/GCC_RISCV_FREERTOS//home/bitcraze/projects/gap_sdk/rtos/freeRTOS/vendors/gwt/gap8/pmsis/drivers/pmu/pmu_internal.o
 .text.hal_soc_eu_set_fc_mask
                0x000000001c004f8e       0x5a /home/bitcraze/projects/LAB_IAA/code/gap8/BUILD/GAP8_V2/GCC_RISCV_FREERTOS//home/bitcraze/projects/gap_sdk/rtos/freeRTOS/vendors/gwt/gap8/pmsis/drivers/pmu/pmu_internal.o
 .text.__pi_pmu_handler
                0x000000001c004fe8       0x32 /home/bitcraze/projects/LAB_IAA/code/gap8/BUILD/GAP8_V2/GCC_RISCV_FREERTOS//home/bitcraze/projects/gap_sdk/rtos/freeRTOS/vendors/gwt/gap8/pmsis/drivers/pmu/pmu_internal.o
 .text.__pi_pmu_task_fifo_pop
                0x000000001c00501a       0x32 /home/bitcraze/projects/LAB_IAA/code/gap8/BUILD/GAP8_V2/GCC_RISCV_FREERTOS//home/bitcraze/projects/gap_sdk/rtos/freeRTOS/vendors/gwt/gap8/pmsis/drivers/pmu/pmu_internal.o
 .text.__pi_pmu_init
                0x000000001c00504c      0x1ae /home/bitcraze/projects/LAB_IAA/code/gap8/BUILD/GAP8_V2/GCC_RISCV_FREERTOS//home/bitcraze/projects/gap_sdk/rtos/freeRTOS/vendors/gwt/gap8/pmsis/drivers/pmu/pmu_internal.o
                0x000000001c00504c                __pi_pmu_init
 .text.hal_compiler_barrier
                0x000000001c0051fa        0x4 /home/bitcraze/projects/LAB_IAA/code/gap8/BUILD/GAP8_V2/GCC_RISCV_FREERTOS//home/bitcraze/projects/gap_sdk/rtos/freeRTOS/vendors/gwt/gap8/pmsis/drivers/timer/timer.o
 .text.hal_write32
                0x000000001c0051fe       0x1e /home/bitcraze/projects/LAB_IAA/code/gap8/BUILD/GAP8_V2/GCC_RISCV_FREERTOS//home/bitcraze/projects/gap_sdk/rtos/freeRTOS/vendors/gwt/gap8/pmsis/drivers/timer/timer.o
 .text.hal_read32
                0x000000001c00521c       0x1e /home/bitcraze/projects/LAB_IAA/code/gap8/BUILD/GAP8_V2/GCC_RISCV_FREERTOS//home/bitcraze/projects/gap_sdk/rtos/freeRTOS/vendors/gwt/gap8/pmsis/drivers/timer/timer.o
 .text.timer_cfg_set
                0x000000001c00523a       0x2c /home/bitcraze/projects/LAB_IAA/code/gap8/BUILD/GAP8_V2/GCC_RISCV_FREERTOS//home/bitcraze/projects/gap_sdk/rtos/freeRTOS/vendors/gwt/gap8/pmsis/drivers/timer/timer.o
 .text.timer_cfg_get
                0x000000001c005266       0x2a /home/bitcraze/projects/LAB_IAA/code/gap8/BUILD/GAP8_V2/GCC_RISCV_FREERTOS//home/bitcraze/projects/gap_sdk/rtos/freeRTOS/vendors/gwt/gap8/pmsis/drivers/timer/timer.o
 .text.timer_cnt_set
                0x000000001c005290       0x2e /home/bitcraze/projects/LAB_IAA/code/gap8/BUILD/GAP8_V2/GCC_RISCV_FREERTOS//home/bitcraze/projects/gap_sdk/rtos/freeRTOS/vendors/gwt/gap8/pmsis/drivers/timer/timer.o
 .text.timer_cmp_set
                0x000000001c0052be       0x2e /home/bitcraze/projects/LAB_IAA/code/gap8/BUILD/GAP8_V2/GCC_RISCV_FREERTOS//home/bitcraze/projects/gap_sdk/rtos/freeRTOS/vendors/gwt/gap8/pmsis/drivers/timer/timer.o
 .text.hal_timer_cfg_set
                0x000000001c0052ec       0x44 /home/bitcraze/projects/LAB_IAA/code/gap8/BUILD/GAP8_V2/GCC_RISCV_FREERTOS//home/bitcraze/projects/gap_sdk/rtos/freeRTOS/vendors/gwt/gap8/pmsis/drivers/timer/timer.o
 .text.hal_timer_stop_set
                0x000000001c005330       0x40 /home/bitcraze/projects/LAB_IAA/code/gap8/BUILD/GAP8_V2/GCC_RISCV_FREERTOS//home/bitcraze/projects/gap_sdk/rtos/freeRTOS/vendors/gwt/gap8/pmsis/drivers/timer/timer.o
 .text.pi_timer_init
                0x000000001c005370       0x4e /home/bitcraze/projects/LAB_IAA/code/gap8/BUILD/GAP8_V2/GCC_RISCV_FREERTOS//home/bitcraze/projects/gap_sdk/rtos/freeRTOS/vendors/gwt/gap8/pmsis/drivers/timer/timer.o
                0x000000001c005370                pi_timer_init
 .text.pi_timer_stop
                0x000000001c0053be       0x44 /home/bitcraze/projects/LAB_IAA/code/gap8/BUILD/GAP8_V2/GCC_RISCV_FREERTOS//home/bitcraze/projects/gap_sdk/rtos/freeRTOS/vendors/gwt/gap8/pmsis/drivers/timer/timer.o
                0x000000001c0053be                pi_timer_stop
 .text.hal_compiler_barrier
                0x000000001c005402        0x4 /home/bitcraze/projects/LAB_IAA/code/gap8/BUILD/GAP8_V2/GCC_RISCV_FREERTOS//home/bitcraze/projects/gap_sdk/rtos/freeRTOS/vendors/gwt/gap8/pmsis/drivers/udma/hyperbus/hyperbus_internal.o
 .text.hal_write32
                0x000000001c005406       0x1e /home/bitcraze/projects/LAB_IAA/code/gap8/BUILD/GAP8_V2/GCC_RISCV_FREERTOS//home/bitcraze/projects/gap_sdk/rtos/freeRTOS/vendors/gwt/gap8/pmsis/drivers/udma/hyperbus/hyperbus_internal.o
 .text.udma_enqueue_channel
                0x000000001c005424       0x6c /home/bitcraze/projects/LAB_IAA/code/gap8/BUILD/GAP8_V2/GCC_RISCV_FREERTOS//home/bitcraze/projects/gap_sdk/rtos/freeRTOS/vendors/gwt/gap8/pmsis/drivers/udma/hyperbus/hyperbus_internal.o
 .text.hyper_udma_channel_set
                0x000000001c005490       0x2a /home/bitcraze/projects/LAB_IAA/code/gap8/BUILD/GAP8_V2/GCC_RISCV_FREERTOS//home/bitcraze/projects/gap_sdk/rtos/freeRTOS/vendors/gwt/gap8/pmsis/drivers/udma/hyperbus/hyperbus_internal.o
 .text.hyper_ext_addr_set
                0x000000001c0054ba       0x1c /home/bitcraze/projects/LAB_IAA/code/gap8/BUILD/GAP8_V2/GCC_RISCV_FREERTOS//home/bitcraze/projects/gap_sdk/rtos/freeRTOS/vendors/gwt/gap8/pmsis/drivers/udma/hyperbus/hyperbus_internal.o
 .text.hal_hyper_enqueue
                0x000000001c0054d6       0x34 /home/bitcraze/projects/LAB_IAA/code/gap8/BUILD/GAP8_V2/GCC_RISCV_FREERTOS//home/bitcraze/projects/gap_sdk/rtos/freeRTOS/vendors/gwt/gap8/pmsis/drivers/udma/hyperbus/hyperbus_internal.o
 .text.l2_memcpy
                0x000000001c00550a       0x1e /home/bitcraze/projects/LAB_IAA/code/gap8/BUILD/GAP8_V2/GCC_RISCV_FREERTOS//home/bitcraze/projects/gap_sdk/rtos/freeRTOS/vendors/gwt/gap8/pmsis/drivers/udma/hyperbus/hyperbus_internal.o
 .text.__pi_hyper_handle_end_of_task
                0x000000001c005528       0x4c /home/bitcraze/projects/LAB_IAA/code/gap8/BUILD/GAP8_V2/GCC_RISCV_FREERTOS//home/bitcraze/projects/gap_sdk/rtos/freeRTOS/vendors/gwt/gap8/pmsis/drivers/udma/hyperbus/hyperbus_internal.o
 .text.__pi_hyper_task_fifo_pop
                0x000000001c005574       0x42 /home/bitcraze/projects/LAB_IAA/code/gap8/BUILD/GAP8_V2/GCC_RISCV_FREERTOS//home/bitcraze/projects/gap_sdk/rtos/freeRTOS/vendors/gwt/gap8/pmsis/drivers/udma/hyperbus/hyperbus_internal.o
 .text.__pi_hyper_resume_emu_task
                0x000000001c0055b6       0x1a /home/bitcraze/projects/LAB_IAA/code/gap8/BUILD/GAP8_V2/GCC_RISCV_FREERTOS//home/bitcraze/projects/gap_sdk/rtos/freeRTOS/vendors/gwt/gap8/pmsis/drivers/udma/hyperbus/hyperbus_internal.o
 .text.__pi_hyper_copy_misaligned
                0x000000001c0055d0       0x34 /home/bitcraze/projects/LAB_IAA/code/gap8/BUILD/GAP8_V2/GCC_RISCV_FREERTOS//home/bitcraze/projects/gap_sdk/rtos/freeRTOS/vendors/gwt/gap8/pmsis/drivers/udma/hyperbus/hyperbus_internal.o
 .text.__pi_hyper_copy_aligned
                0x000000001c005604       0x46 /home/bitcraze/projects/LAB_IAA/code/gap8/BUILD/GAP8_V2/GCC_RISCV_FREERTOS//home/bitcraze/projects/gap_sdk/rtos/freeRTOS/vendors/gwt/gap8/pmsis/drivers/udma/hyperbus/hyperbus_internal.o
 .text.__pi_hyper_copy_exec
                0x000000001c00564a       0x8a /home/bitcraze/projects/LAB_IAA/code/gap8/BUILD/GAP8_V2/GCC_RISCV_FREERTOS//home/bitcraze/projects/gap_sdk/rtos/freeRTOS/vendors/gwt/gap8/pmsis/drivers/udma/hyperbus/hyperbus_internal.o
 .text.__pi_hyper_copy_2d_exec
                0x000000001c0056d4       0x4e /home/bitcraze/projects/LAB_IAA/code/gap8/BUILD/GAP8_V2/GCC_RISCV_FREERTOS//home/bitcraze/projects/gap_sdk/rtos/freeRTOS/vendors/gwt/gap8/pmsis/drivers/udma/hyperbus/hyperbus_internal.o
 .text.__pi_hyper_resume_misaligned_write
                0x000000001c005722      0x2a8 /home/bitcraze/projects/LAB_IAA/code/gap8/BUILD/GAP8_V2/GCC_RISCV_FREERTOS//home/bitcraze/projects/gap_sdk/rtos/freeRTOS/vendors/gwt/gap8/pmsis/drivers/udma/hyperbus/hyperbus_internal.o
 .text.__pi_hyper_resume_misaligned_read
                0x000000001c0059ca      0x24e /home/bitcraze/projects/LAB_IAA/code/gap8/BUILD/GAP8_V2/GCC_RISCV_FREERTOS//home/bitcraze/projects/gap_sdk/rtos/freeRTOS/vendors/gwt/gap8/pmsis/drivers/udma/hyperbus/hyperbus_internal.o
 .text.pi_cpi_conf_init
                0x000000001c005c18       0x12 /home/bitcraze/projects/LAB_IAA/code/gap8/BUILD/GAP8_V2/GCC_RISCV_FREERTOS//home/bitcraze/projects/gap_sdk/rtos/freeRTOS/vendors/gwt/gap8/pmsis/drivers/udma/cpi/cpi.o
                0x000000001c005c18                pi_cpi_conf_init
 .text.pi_cpi_open
                0x000000001c005c2a       0x26 /home/bitcraze/projects/LAB_IAA/code/gap8/BUILD/GAP8_V2/GCC_RISCV_FREERTOS//home/bitcraze/projects/gap_sdk/rtos/freeRTOS/vendors/gwt/gap8/pmsis/drivers/udma/cpi/cpi.o
                0x000000001c005c2a                pi_cpi_open
 .text.pi_cpi_close
                0x000000001c005c50       0x24 /home/bitcraze/projects/LAB_IAA/code/gap8/BUILD/GAP8_V2/GCC_RISCV_FREERTOS//home/bitcraze/projects/gap_sdk/rtos/freeRTOS/vendors/gwt/gap8/pmsis/drivers/udma/cpi/cpi.o
                0x000000001c005c50                pi_cpi_close
 .text.pi_cpi_capture_async
                0x000000001c005c74       0x28 /home/bitcraze/projects/LAB_IAA/code/gap8/BUILD/GAP8_V2/GCC_RISCV_FREERTOS//home/bitcraze/projects/gap_sdk/rtos/freeRTOS/vendors/gwt/gap8/pmsis/drivers/udma/cpi/cpi.o
                0x000000001c005c74                pi_cpi_capture_async
 .text.hal_compiler_barrier
                0x000000001c005c9c        0x4 /home/bitcraze/projects/LAB_IAA/code/gap8/BUILD/GAP8_V2/GCC_RISCV_FREERTOS//home/bitcraze/projects/gap_sdk/rtos/freeRTOS/vendors/gwt/gap8/pmsis/drivers/udma/cpi/cpi_internal.o
 .text.hal_write32
                0x000000001c005ca0       0x1e /home/bitcraze/projects/LAB_IAA/code/gap8/BUILD/GAP8_V2/GCC_RISCV_FREERTOS//home/bitcraze/projects/gap_sdk/rtos/freeRTOS/vendors/gwt/gap8/pmsis/drivers/udma/cpi/cpi_internal.o
 .text.hal_or32
                0x000000001c005cbe       0x24 /home/bitcraze/projects/LAB_IAA/code/gap8/BUILD/GAP8_V2/GCC_RISCV_FREERTOS//home/bitcraze/projects/gap_sdk/rtos/freeRTOS/vendors/gwt/gap8/pmsis/drivers/udma/cpi/cpi_internal.o
 .text.hal_and32
                0x000000001c005ce2       0x24 /home/bitcraze/projects/LAB_IAA/code/gap8/BUILD/GAP8_V2/GCC_RISCV_FREERTOS//home/bitcraze/projects/gap_sdk/rtos/freeRTOS/vendors/gwt/gap8/pmsis/drivers/udma/cpi/cpi_internal.o
 .text.hal_soc_eu_set_fc_mask
                0x000000001c005d06       0x5a /home/bitcraze/projects/LAB_IAA/code/gap8/BUILD/GAP8_V2/GCC_RISCV_FREERTOS//home/bitcraze/projects/gap_sdk/rtos/freeRTOS/vendors/gwt/gap8/pmsis/drivers/udma/cpi/cpi_internal.o
 .text.hal_soc_eu_clear_fc_mask
                0x000000001c005d60       0x52 /home/bitcraze/projects/LAB_IAA/code/gap8/BUILD/GAP8_V2/GCC_RISCV_FREERTOS//home/bitcraze/projects/gap_sdk/rtos/freeRTOS/vendors/gwt/gap8/pmsis/drivers/udma/cpi/cpi_internal.o
 .text.udma_ctrl_cg_disable
                0x000000001c005db2       0x24 /home/bitcraze/projects/LAB_IAA/code/gap8/BUILD/GAP8_V2/GCC_RISCV_FREERTOS//home/bitcraze/projects/gap_sdk/rtos/freeRTOS/vendors/gwt/gap8/pmsis/drivers/udma/cpi/cpi_internal.o
 .text.udma_ctrl_cg_enable
                0x000000001c005dd6       0x28 /home/bitcraze/projects/LAB_IAA/code/gap8/BUILD/GAP8_V2/GCC_RISCV_FREERTOS//home/bitcraze/projects/gap_sdk/rtos/freeRTOS/vendors/gwt/gap8/pmsis/drivers/udma/cpi/cpi_internal.o
 .text.udma_init_device
                0x000000001c005dfe       0x14 /home/bitcraze/projects/LAB_IAA/code/gap8/BUILD/GAP8_V2/GCC_RISCV_FREERTOS//home/bitcraze/projects/gap_sdk/rtos/freeRTOS/vendors/gwt/gap8/pmsis/drivers/udma/cpi/cpi_internal.o
 .text.udma_enqueue_channel
                0x000000001c005e12       0x6c /home/bitcraze/projects/LAB_IAA/code/gap8/BUILD/GAP8_V2/GCC_RISCV_FREERTOS//home/bitcraze/projects/gap_sdk/rtos/freeRTOS/vendors/gwt/gap8/pmsis/drivers/udma/cpi/cpi_internal.o
 .text.udma_deinit_device
                0x000000001c005e7e       0x14 /home/bitcraze/projects/LAB_IAA/code/gap8/BUILD/GAP8_V2/GCC_RISCV_FREERTOS//home/bitcraze/projects/gap_sdk/rtos/freeRTOS/vendors/gwt/gap8/pmsis/drivers/udma/cpi/cpi_internal.o
 .text.cpi_udma_channel_set
                0x000000001c005e92       0x32 /home/bitcraze/projects/LAB_IAA/code/gap8/BUILD/GAP8_V2/GCC_RISCV_FREERTOS//home/bitcraze/projects/gap_sdk/rtos/freeRTOS/vendors/gwt/gap8/pmsis/drivers/udma/cpi/cpi_internal.o
 .text.hal_cpi_enqueue
                0x000000001c005ec4       0x24 /home/bitcraze/projects/LAB_IAA/code/gap8/BUILD/GAP8_V2/GCC_RISCV_FREERTOS//home/bitcraze/projects/gap_sdk/rtos/freeRTOS/vendors/gwt/gap8/pmsis/drivers/udma/cpi/cpi_internal.o
 .text.__pi_irq_handle_end_of_task
                0x000000001c005ee8       0x26 /home/bitcraze/projects/LAB_IAA/code/gap8/BUILD/GAP8_V2/GCC_RISCV_FREERTOS//home/bitcraze/projects/gap_sdk/rtos/freeRTOS/vendors/gwt/gap8/pmsis/drivers/udma/cpi/cpi_internal.o
 .text.pi_task_push
                0x000000001c005f0e       0x20 /home/bitcraze/projects/LAB_IAA/code/gap8/BUILD/GAP8_V2/GCC_RISCV_FREERTOS//home/bitcraze/projects/gap_sdk/rtos/freeRTOS/vendors/gwt/gap8/pmsis/drivers/udma/cpi/cpi_internal.o
 .text.__os_native_api_disable_irq
                0x000000001c005f2e       0x12 /home/bitcraze/projects/LAB_IAA/code/gap8/BUILD/GAP8_V2/GCC_RISCV_FREERTOS//home/bitcraze/projects/gap_sdk/rtos/freeRTOS/vendors/gwt/gap8/pmsis/drivers/udma/cpi/cpi_internal.o
 .text.__os_native_api_restore_irq
                0x000000001c005f40       0x14 /home/bitcraze/projects/LAB_IAA/code/gap8/BUILD/GAP8_V2/GCC_RISCV_FREERTOS//home/bitcraze/projects/gap_sdk/rtos/freeRTOS/vendors/gwt/gap8/pmsis/drivers/udma/cpi/cpi_internal.o
 .text.pi_irq_disable
                0x000000001c005f54       0x16 /home/bitcraze/projects/LAB_IAA/code/gap8/BUILD/GAP8_V2/GCC_RISCV_FREERTOS//home/bitcraze/projects/gap_sdk/rtos/freeRTOS/vendors/gwt/gap8/pmsis/drivers/udma/cpi/cpi_internal.o
 .text.pi_irq_restore
                0x000000001c005f6a       0x18 /home/bitcraze/projects/LAB_IAA/code/gap8/BUILD/GAP8_V2/GCC_RISCV_FREERTOS//home/bitcraze/projects/gap_sdk/rtos/freeRTOS/vendors/gwt/gap8/pmsis/drivers/udma/cpi/cpi_internal.o
 .text.__pi_cpi_handler
                0x000000001c005f82      0x148 /home/bitcraze/projects/LAB_IAA/code/gap8/BUILD/GAP8_V2/GCC_RISCV_FREERTOS//home/bitcraze/projects/gap_sdk/rtos/freeRTOS/vendors/gwt/gap8/pmsis/drivers/udma/cpi/cpi_internal.o
 .text.__pi_cpi_hw_fifo_empty
                0x000000001c0060ca       0x20 /home/bitcraze/projects/LAB_IAA/code/gap8/BUILD/GAP8_V2/GCC_RISCV_FREERTOS//home/bitcraze/projects/gap_sdk/rtos/freeRTOS/vendors/gwt/gap8/pmsis/drivers/udma/cpi/cpi_internal.o
 .text.__pi_cpi_hw_fifo_task_enqueue
                0x000000001c0060ea       0x34 /home/bitcraze/projects/LAB_IAA/code/gap8/BUILD/GAP8_V2/GCC_RISCV_FREERTOS//home/bitcraze/projects/gap_sdk/rtos/freeRTOS/vendors/gwt/gap8/pmsis/drivers/udma/cpi/cpi_internal.o
 .text.__pi_cpi_hw_fifo_task_pop
                0x000000001c00611e       0x36 /home/bitcraze/projects/LAB_IAA/code/gap8/BUILD/GAP8_V2/GCC_RISCV_FREERTOS//home/bitcraze/projects/gap_sdk/rtos/freeRTOS/vendors/gwt/gap8/pmsis/drivers/udma/cpi/cpi_internal.o
 .text.__pi_cpi_hw_fifo_task_switch
                0x000000001c006154       0x20 /home/bitcraze/projects/LAB_IAA/code/gap8/BUILD/GAP8_V2/GCC_RISCV_FREERTOS//home/bitcraze/projects/gap_sdk/rtos/freeRTOS/vendors/gwt/gap8/pmsis/drivers/udma/cpi/cpi_internal.o